Microchip MPLAB XC8 Compiler V1.38 ()

Linker command line:

-W-3 --edf=C:\Program Files (x86)\Microchip\xc8\v1.38\dat\en_msgs.txt -cs \
  -h+dist/default/production\Multi_RX_testjig.X.production.sym \
  --cmf=dist/default/production\Multi_RX_testjig.X.production.cmf -z \
  -Q16F1527 -oC:\Users\john\AppData\Local\Temp\s5qs.2 \
  -Mdist/default/production/Multi_RX_testjig.X.production.map -E1 -ver=XC8 \
  -ASTACK=0204Ch-025efh -pstack=STACK -ACODE=00h-07FFhx8 \
  -ASTRCODE=00h-03FFFh -ASTRING=00h-0FFhx64 -ACONST=00h-0FFhx64 \
  -AENTRY=00h-0FFhx64 -ACOMMON=070h-07Fh -ABANK0=020h-06Fh \
  -ABANK1=0A0h-0EFh -ABANK2=0120h-016Fh -ABANK3=01A0h-01EFh \
  -ABANK4=0220h-026Fh -ABANK5=02A0h-02EFh -ABANK6=0320h-036Fh \
  -ABANK7=03A0h-03EFh -ABANK8=0420h-046Fh -ABANK9=04A0h-04EFh \
  -ABANK10=0520h-056Fh -ABANK11=05A0h-05EFh -ABANK12=0620h-066Fh \
  -ABANK13=06A0h-06EFh -ABANK14=0720h-076Fh -ABANK15=07A0h-07EFh \
  -ABANK16=0820h-086Fh -ABANK17=08A0h-08EFh -ABANK18=0920h-096Fh \
  -ABIGRAM=02000h-025EFh \
  -ARAM=020h-06Fh,0A0h-0EFh,0120h-016Fh,01A0h-01EFh,0220h-026Fh,02A0h-02EFh,0320h-036Fh,03A0h-03EFh,0420h-046Fh,04A0h-04EFh,0520h-056Fh,05A0h-05EFh,0620h-066Fh,06A0h-06EFh,0720h-076Fh,07A0h-07EFh,0820h-086Fh,08A0h-08EFh,0920h-096Fh \
  -AABS1=020h-07Fh,0A0h-0EFh,0120h-016Fh,01A0h-01EFh,0220h-026Fh,02A0h-02EFh,0320h-036Fh,03A0h-03EFh,0420h-046Fh,04A0h-04EFh,0520h-056Fh,05A0h-05EFh,0620h-066Fh,06A0h-06EFh,0720h-076Fh,07A0h-07EFh,0820h-086Fh,08A0h-08EFh,0920h-096Fh \
  -ASFR0=00h-01Fh -ASFR1=080h-09Fh -ASFR2=0100h-011Fh -ASFR3=0180h-019Fh \
  -ASFR4=0200h-021Fh -ASFR5=0280h-029Fh -ASFR6=0300h-031Fh \
  -ASFR7=0380h-039Fh -ASFR8=0400h-041Fh -ASFR9=0480h-049Fh \
  -ASFR10=0500h-051Fh -ASFR11=0580h-059Fh -ASFR12=0600h-061Fh \
  -ASFR13=0680h-069Fh -ASFR14=0700h-071Fh -ASFR15=0780h-079Fh \
  -ASFR16=0800h-081Fh -ASFR17=0880h-089Fh -ASFR18=0900h-091Fh \
  -ASFR19=0980h-09EFh -ASFR20=0A00h-0A6Fh -ASFR21=0A80h-0AEFh \
  -ASFR22=0B00h-0B6Fh -ASFR23=0B80h-0BEFh -ASFR24=0C00h-0C6Fh \
  -ASFR25=0C80h-0CEFh -ASFR26=0D00h-0D6Fh -ASFR27=0D80h-0DEFh \
  -ASFR28=0E00h-0E6Fh -ASFR29=0E80h-0EEFh -ASFR30=0F00h-0F6Fh \
  -ASFR31=0F80h-0FEFh -preset_vec=00h,intentry=04h,init,end_init \
  -ppowerup=CODE -pcinit=CODE -pfunctab=CODE -ACONFIG=08007h-08008h \
  -pconfig=CONFIG -DCONFIG=2 -AIDLOC=08000h-08003h -pidloc=IDLOC -DIDLOC=2 \
  -DCODE=2 -DSTRCODE=2 -DSTRING=2 -DCONST=2 -DENTRY=2 -k \
  C:\Users\john\AppData\Local\Temp\s5qs.obj \
  dist/default/production\Multi_RX_testjig.X.production.obj 

Object code version is 3.11

Machine type is 16F1527



                Name                               Link     Load   Length Selector   Space Scale
C:\Users\john\AppData\Local\Temp\s5qs.obj
                end_init                             95       95        2        8       0
                reset_vec                             0        0        2        0       0
                config                             8007     8007        2    1000E       0
dist/default/production\Multi_RX_testjig.X.production.obj
                cinit                                97       97        F        8       0
                intentry                              4        4       91        8       0
                swtext3                             66E      66E        C      CDC       0
                swtext2                             61A      61A       28      C34       0
                text28                               A6       A6      271        8       0
                text21                              317      317      209        8       0
                text19                              659      659       15      C84       0
                text18                              642      642       17      C84       0
                swtext1                             67A      67A        8      CDC       0
                text1                               520      520       FA        8       0
                maintext                            80B      80B      7F5     1016       0
                cstackBANK0                          20       20       2F       20       1
                cstackCOMMON                         70       70        E       70       1
                clrtext                             682      682        6      D04       0
                dataBANK0                            6A       6A        2       20       1
                bssBANK0                             4F       4F       18       20       1
                stringtext                         1000     1000      336     2000       0
                nvBANK0                              67       67        3       20       1

TOTAL           Name                               Link     Load   Length     Space
        CLASS   STACK          

        CLASS   CODE           
                end_init                             95       95        2         0
                cinit                                97       97        F         0
                intentry                              4        4       91         0
                reset_vec                             0        0        2         0
                text28                               A6       A6      271         0
                text21                              317      317      209         0
                text19                              659      659       15         0
                text18                              642      642       17         0
                text1                               520      520       FA         0
                maintext                            80B      80B      7F5         0
                clrtext                             682      682        6         0

        CLASS   STRCODE        
                stringtext                         1000     1000      336         0

        CLASS   STRING         

        CLASS   CONST          
                swtext3                             66E      66E        C         0
                swtext2                             61A      61A       28         0
                swtext1                             67A      67A        8         0

        CLASS   ENTRY          

        CLASS   COMMON         
                cstackCOMMON                         70       70        E         1

        CLASS   BANK0          
                cstackBANK0                          20       20       2F         1
                dataBANK0                            6A       6A        2         1
                bssBANK0                             4F       4F       18         1
                nvBANK0                              67       67        3         1

        CLASS   BANK1          

        CLASS   BANK2          

        CLASS   BANK3          

        CLASS   BANK4          

        CLASS   BANK5          

        CLASS   BANK6          

        CLASS   BANK7          

        CLASS   BANK8          

        CLASS   BANK9          

        CLASS   BANK10         

        CLASS   BANK11         

        CLASS   BANK12         

        CLASS   BANK13         

        CLASS   BANK14         

        CLASS   BANK15         

        CLASS   BANK16         

        CLASS   BANK17         

        CLASS   BANK18         

        CLASS   BIGRAM         

        CLASS   RAM            

        CLASS   ABS1           
                abs_s1                               7E       7E        2         1

        CLASS   SFR0           

        CLASS   SFR1           

        CLASS   SFR2           

        CLASS   SFR3           

        CLASS   SFR4           

        CLASS   SFR5           

        CLASS   SFR6           

        CLASS   SFR7           

        CLASS   SFR8           

        CLASS   SFR9           

        CLASS   SFR10          

        CLASS   SFR11          

        CLASS   SFR12          

        CLASS   SFR13          

        CLASS   SFR14          

        CLASS   SFR15          

        CLASS   SFR16          

        CLASS   SFR17          

        CLASS   SFR18          

        CLASS   SFR19          

        CLASS   SFR20          

        CLASS   SFR21          

        CLASS   SFR22          

        CLASS   SFR23          

        CLASS   SFR24          

        CLASS   SFR25          

        CLASS   SFR26          

        CLASS   SFR27          

        CLASS   SFR28          

        CLASS   SFR29          

        CLASS   SFR30          

        CLASS   SFR31          

        CLASS   CONFIG         
                config                             8007     8007        2         0

        CLASS   IDLOC          

        CLASS   BANK31         

        CLASS   BANK30         

        CLASS   BANK29         

        CLASS   BANK28         

        CLASS   BANK27         

        CLASS   BANK26         

        CLASS   BANK25         

        CLASS   BANK24         

        CLASS   BANK23         

        CLASS   BANK22         

        CLASS   BANK21         

        CLASS   BANK20         

        CLASS   BANK19         

        CLASS   EEDATA         



SEGMENTS        Name                           Load    Length   Top    Selector   Space  Class     Delta

                reset_vec                      000000  000002  000002         0       0  CODE        2
                intentry                       000004  000616  00061A         8       0  CODE        2
                cstackBANK0                    000020  00004C  00006C        20       1  BANK0       1
                cstackCOMMON                   000070  00000E  00007E        70       1  COMMON      1
                swtext2                        00061A  000028  000642       C34       0  CONST       2
                text18                         000642  00002C  00066E       C84       0  CODE        2
                swtext3                        00066E  000014  000682       CDC       0  CONST       2
                clrtext                        000682  000006  000688       D04       0  CODE        2
                maintext                       00080B  0007F5  001000      1016       0  CODE        2
                stringtext                     001000  000336  001336      2000       0  STRCODE     2
                config                         008007  000002  008009     1000E       0  CONFIG      2


UNUSED ADDRESS RANGES

        Name                Unused          Largest block    Delta
        BANK0            0006C-0006F               4           1
        BANK1            000A0-000EF              50           1
        BANK10           00520-0056F              50           1
        BANK11           005A0-005EF              50           1
        BANK12           00620-0066F              50           1
        BANK13           006A0-006EF              50           1
        BANK14           00720-0076F              50           1
        BANK15           007A0-007EF              50           1
        BANK16           00820-0086F              50           1
        BANK17           008A0-008EF              50           1
        BANK18           00920-0096F              50           1
        BANK2            00120-0016F              50           1
        BANK3            001A0-001EF              50           1
        BANK4            00220-0026F              50           1
        BANK5            002A0-002EF              50           1
        BANK6            00320-0036F              50           1
        BANK7            003A0-003EF              50           1
        BANK8            00420-0046F              50           1
        BANK9            004A0-004EF              50           1
        BIGRAM           02000-025EF             5F0           1
        CODE             00002-00003               2           2
                         00688-0080A             178
                         01336-03FFF             800
        CONST            00002-00003               2           2
                         00688-0080A             100
                         01336-03FFF             100
        ENTRY            00002-00003               2           2
                         00688-0080A             100
                         01336-03FFF             100
        IDLOC            08000-08003               4           2
        RAM              0006C-0006F               4           1
                         000A0-000EF              50
                         00120-0016F              50
                         001A0-001EF              50
                         00220-0026F              50
                         002A0-002EF              50
                         00320-0036F              50
                         003A0-003EF              50
                         00420-0046F              50
                         004A0-004EF              50
                         00520-0056F              50
                         005A0-005EF              50
                         00620-0066F              50
                         006A0-006EF              50
                         00720-0076F              50
                         007A0-007EF              50
                         00820-0086F              50
                         008A0-008EF              50
                         00920-0096F              50
        SFR0             00000-0001F              20           1
        SFR1             00080-0009F              20           1
        SFR10            00500-0051F              20           1
        SFR11            00580-0059F              20           1
        SFR12            00600-0061F              20           1
        SFR13            00680-0069F              20           1
        SFR14            00700-0071F              20           1
        SFR15            00780-0079F              20           1
        SFR16            00800-0081F              20           1
        SFR17            00880-0089F              20           1
        SFR18            00900-0091F              20           1
        SFR19            00980-009EF              70           1
        SFR2             00100-0011F              20           1
        SFR20            00A00-00A6F              70           1
        SFR21            00A80-00AEF              70           1
        SFR22            00B00-00B6F              70           1
        SFR23            00B80-00BEF              70           1
        SFR24            00C00-00C6F              70           1
        SFR25            00C80-00CEF              70           1
        SFR26            00D00-00D6F              70           1
        SFR27            00D80-00DEF              70           1
        SFR28            00E00-00E6F              70           1
        SFR29            00E80-00EEF              70           1
        SFR3             00180-0019F              20           1
        SFR30            00F00-00F6F              70           1
        SFR31            00F80-00FEF              70           1
        SFR4             00200-0021F              20           1
        SFR5             00280-0029F              20           1
        SFR6             00300-0031F              20           1
        SFR7             00380-0039F              20           1
        SFR8             00400-0041F              20           1
        SFR9             00480-0049F              20           1
        STACK            0204C-025EF             5A4           1
        STRCODE          00002-00003               2           2
                         00688-0080A             183
                         01336-03FFF            2CCA
        STRING           00002-00003               2           2
                         00688-0080A             100
                         01336-03FFF             100

                                  Symbol Table

?_ADC_get_val                   cstackCOMMON 00070
?___ftadd                       cstackBANK0  0002C
?___ftmul                       cstackBANK0  00020
?___ftpack                      cstackCOMMON 00070
?___fttol                       cstackBANK0  00038
?___lwtoft                      cstackCOMMON 00078
?___wmul                        cstackCOMMON 00070
?_get_30v_current               cstackBANK0  00045
ADC_get_val@channel             cstackCOMMON 00073
ADC_get_val@return_val          cstackCOMMON 00074
RX_one@data                     cstackCOMMON 00072
RX_one@i                        cstackCOMMON 00071
TX_one@data                     cstackCOMMON 00071
TX_one@i                        cstackCOMMON 00072
Vout_set@Volts                  cstackCOMMON 00074
Vout_set@digi_step              cstackCOMMON 00076
_ADCON0                         (abs)        0009D
_ADCON0bits                     (abs)        0009D
_ADCON1                         (abs)        0009E
_ADC_cur_sink_val               bssBANK0     0004F
_ADC_get_val                    maintext     00FC6
_ADRESH                         (abs)        0009C
_ADRESL                         (abs)        0009B
_ANSELA                         (abs)        0018C
_ANSELB                         (abs)        0018D
_ANSELD                         (abs)        0018F
_ANSELE                         (abs)        00190
_ANSELF                         (abs)        0040C
_ANSELG                         (abs)        0040D
_CCP9CON                        (abs)        0061C
_CCPR9L                         (abs)        0061A
_CCPTMRS2                       (abs)        0029F
_FVRCON                         (abs)        00117
_GIE                            (abs)        0005F
_INTCONbits                     (abs)        0000B
_LATA6                          (abs)        00866
_LATA7                          (abs)        00867
_LATB5                          (abs)        0086D
_LATC2                          (abs)        00872
_LATC5                          (abs)        00875
_LATC6                          (abs)        00876
_LATC7                          (abs)        00877
_LATD2                          (abs)        0087A
_LATD4                          (abs)        0087C
_LATD5                          (abs)        0087D
_LATD6                          (abs)        0087E
_LATG0                          (abs)        01C68
_OPTION_REG                     (abs)        00095
_OSCCON                         (abs)        00099
_PCONbits                       (abs)        00096
_PIE1bits                       (abs)        00091
_PIR1bits                       (abs)        00011
_PORTA                          (abs)        0000C
_PORTB                          (abs)        0000D
_PORTC                          (abs)        0000E
_PORTD                          (abs)        0000F
_PORTE                          (abs)        00010
_PORTF                          (abs)        0028C
_PORTG                          (abs)        0028D
_PR2                            (abs)        0001B
_PR8                            (abs)        00596
_RA2                            (abs)        00062
_RA4                            (abs)        00064
_RA5                            (abs)        00065
_RE0                            (abs)        00080
_RE4                            (abs)        00084
_RE5                            (abs)        00085
_RE6                            (abs)        00086
_RF0                            (abs)        01460
_RF1                            (abs)        01461
_RF2                            (abs)        01462
_RF3                            (abs)        01463
_RF5                            (abs)        01465
_RG1                            (abs)        01469
_RG3                            (abs)        0146B
_RX_one                         maintext     00F3D
_SSP1ADD                        (abs)        00212
_SSP1BUF                        (abs)        00211
_SSP1CON1                       (abs)        00215
_SSP1CON2                       (abs)        00216
_SSP1CON2bits                   (abs)        00216
_SSP1STAT                       (abs)        00214
_SSP1STATbits                   (abs)        00214
_T2CON                          (abs)        0001C
_T8CON                          (abs)        00597
_TMR0                           (abs)        00015
_TMR0IE                         (abs)        0005D
_TMR0IF                         (abs)        0005A
_TRISA                          (abs)        0008C
_TRISB                          (abs)        0008D
_TRISC                          (abs)        0008E
_TRISC3                         (abs)        00473
_TRISC4                         (abs)        00474
_TRISD                          (abs)        0008F
_TRISE                          (abs)        00090
_TRISF                          (abs)        0030C
_TRISG                          (abs)        0030D
_TRISG0                         (abs)        01868
_TX_one                         maintext     00F1B
_Vout_set                       text28       000A6
_WPUB                           (abs)        0020D
_WPUD                           (abs)        0020F
_WPUE                           (abs)        00210
__CFG_BOREN$ON                  (abs)        00000
__CFG_BORV$HI                   (abs)        00000
__CFG_CLKOUTEN$OFF              (abs)        00000
__CFG_CP$ON                     (abs)        00000
__CFG_FCMEN$OFF                 (abs)        00000
__CFG_FOSC$INTOSC               (abs)        00000
__CFG_IESO$OFF                  (abs)        00000
__CFG_LPBOR$OFF                 (abs)        00000
__CFG_LVP$OFF                   (abs)        00000
__CFG_MCLRE$ON                  (abs)        00000
__CFG_PWRTE$ON                  (abs)        00000
__CFG_STVREN$ON                 (abs)        00000
__CFG_WDTE$SWDTEN               (abs)        00000
__CFG_WRT$OFF                   (abs)        00000
__Habs1                         abs1         00000
__Hbank0                        bank0        00000
__Hbank1                        bank1        00000
__Hbank10                       bank10       00000
__Hbank11                       bank11       00000
__Hbank12                       bank12       00000
__Hbank13                       bank13       00000
__Hbank14                       bank14       00000
__Hbank15                       bank15       00000
__Hbank16                       bank16       00000
__Hbank17                       bank17       00000
__Hbank18                       bank18       00000
__Hbank19                       bank19       00000
__Hbank2                        bank2        00000
__Hbank20                       bank20       00000
__Hbank21                       bank21       00000
__Hbank22                       bank22       00000
__Hbank23                       bank23       00000
__Hbank24                       bank24       00000
__Hbank25                       bank25       00000
__Hbank26                       bank26       00000
__Hbank27                       bank27       00000
__Hbank28                       bank28       00000
__Hbank29                       bank29       00000
__Hbank3                        bank3        00000
__Hbank30                       bank30       00000
__Hbank31                       bank31       00000
__Hbank4                        bank4        00000
__Hbank5                        bank5        00000
__Hbank6                        bank6        00000
__Hbank7                        bank7        00000
__Hbank8                        bank8        00000
__Hbank9                        bank9        00000
__Hbigram                       bigram       00000
__HbssBANK0                     bssBANK0     00000
__Hcinit                        cinit        000A6
__Hclrtext                      clrtext      00000
__Hcode                         code         00000
__Hcommon                       common       00000
__Hconfig                       config       08009
__HcstackBANK0                  cstackBANK0  00000
__HcstackCOMMON                 cstackCOMMON 00000
__HdataBANK0                    dataBANK0    00000
__Heeprom_data                  eeprom_data  00000
__Hend_init                     end_init     00097
__Hfunctab                      functab      00000
__HidataBANK0                   idataBANK0   00000
__Hidloc                        idloc        00000
__Hinit                         init         00095
__Hintentry                     intentry     00095
__Hmaintext                     maintext     00000
__HnvBANK0                      nvBANK0      00000
__Hpa_nodes                     pa_nodes     00000
__Hpowerup                      powerup      00000
__Hram                          ram          00000
__Hreset_vec                    reset_vec    00002
__Hsfr0                         sfr0         00000
__Hsfr1                         sfr1         00000
__Hsfr10                        sfr10        00000
__Hsfr11                        sfr11        00000
__Hsfr12                        sfr12        00000
__Hsfr13                        sfr13        00000
__Hsfr14                        sfr14        00000
__Hsfr15                        sfr15        00000
__Hsfr16                        sfr16        00000
__Hsfr17                        sfr17        00000
__Hsfr18                        sfr18        00000
__Hsfr19                        sfr19        00000
__Hsfr2                         sfr2         00000
__Hsfr20                        sfr20        00000
__Hsfr21                        sfr21        00000
__Hsfr22                        sfr22        00000
__Hsfr23                        sfr23        00000
__Hsfr24                        sfr24        00000
__Hsfr25                        sfr25        00000
__Hsfr26                        sfr26        00000
__Hsfr27                        sfr27        00000
__Hsfr28                        sfr28        00000
__Hsfr29                        sfr29        00000
__Hsfr3                         sfr3         00000
__Hsfr30                        sfr30        00000
__Hsfr31                        sfr31        00000
__Hsfr4                         sfr4         00000
__Hsfr5                         sfr5         00000
__Hsfr6                         sfr6         00000
__Hsfr7                         sfr7         00000
__Hsfr8                         sfr8         00000
__Hsfr9                         sfr9         00000
__Hspace_0                      (abs)        08009
__Hspace_1                      (abs)        0007E
__Hspace_2                      (abs)        00000
__Hspace_3                      (abs)        00000
__Hstack                        stack        00000
__Hstrings                      strings      00000
__Hstringtext                   stringtext   00000
__Htext                         text         00000
__Labs1                         abs1         00000
__Lbank0                        bank0        00000
__Lbank1                        bank1        00000
__Lbank10                       bank10       00000
__Lbank11                       bank11       00000
__Lbank12                       bank12       00000
__Lbank13                       bank13       00000
__Lbank14                       bank14       00000
__Lbank15                       bank15       00000
__Lbank16                       bank16       00000
__Lbank17                       bank17       00000
__Lbank18                       bank18       00000
__Lbank19                       bank19       00000
__Lbank2                        bank2        00000
__Lbank20                       bank20       00000
__Lbank21                       bank21       00000
__Lbank22                       bank22       00000
__Lbank23                       bank23       00000
__Lbank24                       bank24       00000
__Lbank25                       bank25       00000
__Lbank26                       bank26       00000
__Lbank27                       bank27       00000
__Lbank28                       bank28       00000
__Lbank29                       bank29       00000
__Lbank3                        bank3        00000
__Lbank30                       bank30       00000
__Lbank31                       bank31       00000
__Lbank4                        bank4        00000
__Lbank5                        bank5        00000
__Lbank6                        bank6        00000
__Lbank7                        bank7        00000
__Lbank8                        bank8        00000
__Lbank9                        bank9        00000
__Lbigram                       bigram       00000
__LbssBANK0                     bssBANK0     00000
__Lcinit                        cinit        00097
__Lclrtext                      clrtext      00000
__Lcode                         code         00000
__Lcommon                       common       00000
__Lconfig                       config       08007
__LcstackBANK0                  cstackBANK0  00000
__LcstackCOMMON                 cstackCOMMON 00000
__LdataBANK0                    dataBANK0    00000
__Leeprom_data                  eeprom_data  00000
__Lend_init                     end_init     00095
__Lfunctab                      functab      00000
__LidataBANK0                   idataBANK0   00000
__Lidloc                        idloc        00000
__Linit                         init         00095
__Lintentry                     intentry     00004
__Lmaintext                     maintext     00000
__LnvBANK0                      nvBANK0      00000
__Lpa_nodes                     pa_nodes     00000
__Lpowerup                      powerup      00000
__Lram                          ram          00000
__Lreset_vec                    reset_vec    00000
__Lsfr0                         sfr0         00000
__Lsfr1                         sfr1         00000
__Lsfr10                        sfr10        00000
__Lsfr11                        sfr11        00000
__Lsfr12                        sfr12        00000
__Lsfr13                        sfr13        00000
__Lsfr14                        sfr14        00000
__Lsfr15                        sfr15        00000
__Lsfr16                        sfr16        00000
__Lsfr17                        sfr17        00000
__Lsfr18                        sfr18        00000
__Lsfr19                        sfr19        00000
__Lsfr2                         sfr2         00000
__Lsfr20                        sfr20        00000
__Lsfr21                        sfr21        00000
__Lsfr22                        sfr22        00000
__Lsfr23                        sfr23        00000
__Lsfr24                        sfr24        00000
__Lsfr25                        sfr25        00000
__Lsfr26                        sfr26        00000
__Lsfr27                        sfr27        00000
__Lsfr28                        sfr28        00000
__Lsfr29                        sfr29        00000
__Lsfr3                         sfr3         00000
__Lsfr30                        sfr30        00000
__Lsfr31                        sfr31        00000
__Lsfr4                         sfr4         00000
__Lsfr5                         sfr5         00000
__Lsfr6                         sfr6         00000
__Lsfr7                         sfr7         00000
__Lsfr8                         sfr8         00000
__Lsfr9                         sfr9         00000
__Lspace_0                      (abs)        00000
__Lspace_1                      (abs)        00000
__Lspace_2                      (abs)        00000
__Lspace_3                      (abs)        00000
__Lstack                        stack        00000
__Lstrings                      strings      00000
__Lstringtext                   stringtext   00000
__Ltext                         text         00000
__S0                            (abs)        08009
__S1                            (abs)        0007E
__S2                            (abs)        00000
___bmul                         text28       002DF
___bmul@multiplicand            cstackCOMMON 00070
___bmul@multiplier              cstackCOMMON 00072
___bmul@product                 cstackCOMMON 00071
___ftadd                        text21       00357
___ftadd@exp1                   cstackBANK0  00037
___ftadd@exp2                   cstackBANK0  00036
___ftadd@f1                     cstackBANK0  0002C
___ftadd@f2                     cstackBANK0  0002F
___ftadd@sign                   cstackBANK0  00035
___ftmul                        text21       0040B
___ftmul@cntr                   cstackBANK0  0002A
___ftmul@exp                    cstackBANK0  00026
___ftmul@f1                     cstackBANK0  00020
___ftmul@f2                     cstackBANK0  00023
___ftmul@f3_as_product          cstackBANK0  00027
___ftmul@sign                   cstackBANK0  0002B
___ftpack                       text21       00475
___ftpack@arg                   cstackCOMMON 00070
___ftpack@exp                   cstackCOMMON 00073
___ftpack@sign                  cstackCOMMON 00074
___fttol                        text21       004C3
___fttol@exp1                   cstackBANK0  00044
___fttol@f1                     cstackBANK0  00038
___fttol@lval                   cstackBANK0  00040
___fttol@sign1                  cstackBANK0  0003F
___int_sp                       stack        00000
___latbits                      (abs)        00003
___lwtoft                       text21       004B3
___lwtoft@c                     cstackCOMMON 00078
___sp                           stack        00000
___wmul                         text28       00302
___wmul@multiplicand            cstackCOMMON 00072
___wmul@multiplier              cstackCOMMON 00070
___wmul@product                 cstackCOMMON 00074
__end_of_ADC_get_val            maintext     00FD8
__end_of_RX_one                 maintext     00F5D
__end_of_TX_one                 maintext     00F3D
__end_of_Vout_set               text28       000DF
__end_of___bmul                 text28       00302
__end_of___ftadd                text21       0040B
__end_of___ftmul                text21       00475
__end_of___ftpack               text21       004B3
__end_of___fttol                text21       00520
__end_of___lwtoft               text21       004C3
__end_of___wmul                 text28       00317
__end_of__initialization        cinit        000A2
__end_of_buzz_one               text1        0061A
__end_of_clear_lcd              text28       001AF
__end_of_debug_fast_tx          text1        00612
__end_of_digitalpot             text28       001C7
__end_of_get_30v_current        text21       00357
__end_of_i2c_Start              text28       0022B
__end_of_i2c_Stop               text28       00230
__end_of_i2c_Write              text28       00226
__end_of_i2c_Write_string       text28       001E2
__end_of_i2c_first_line         text28       0019A
__end_of_i2c_second_line        text28       00189
__end_of_i2c_write_char         text28       00178
__end_of_init_ADC               maintext     01000
__end_of_init_current_sink      text19       0066E
__end_of_init_i2c               text18       00659
__end_of_init_i2c_lcd_5v        text28       0021A
__end_of_isr                    intentry     00095
__end_of_lcd_print_int          text28       0016B
__end_of_lcd_set_cursor         text28       000F7
__end_of_main                   maintext     00F1B
__end_of_power_supply_set       maintext     00FF9
__end_of_print_error            maintext     00FC6
__end_of_print_screen           maintext     00F73
__end_of_ten_thou_conv          text28       002DF
__end_of_testjig_done           text1        005E5
__initialization                cinit        00097
__pbssBANK0                     bssBANK0     0004F
__pcstackBANK0                  cstackBANK0  00020
__pcstackCOMMON                 cstackCOMMON 00070
__pdataBANK0                    dataBANK0    0006A
__pidataBANK0                   idataBANK0   00000
__pintentry                     intentry     00004
__pmaintext                     maintext     0080B
__pnvBANK0                      nvBANK0      00067
__pstringtext                   stringtext   01000
__pswtext1                      swtext1      0067A
__pswtext2                      swtext2      0061A
__pswtext3                      swtext3      0066E
__ptext1                        text1        00520
__ptext10                       text1        00612
__ptext11                       text28       000F7
__ptext12                       text28       00230
__ptext13                       text28       00302
__ptext14                       text28       002DF
__ptext15                       text28       000DF
__ptext16                       text28       0016B
__ptext17                       text28       001E2
__ptext18                       text18       00642
__ptext19                       text19       00659
__ptext2                        maintext     00F73
__ptext20                       maintext     00FF9
__ptext21                       text21       00317
__ptext22                       text21       004B3
__ptext23                       text21       004C3
__ptext24                       text21       0040B
__ptext25                       text21       00357
__ptext26                       text21       00475
__ptext27                       maintext     00FC6
__ptext28                       text28       000A6
__ptext29                       text28       001AF
__ptext3                        maintext     00F5D
__ptext30                       text28       0021A
__ptext31                       text28       0022B
__ptext32                       text28       00226
__ptext33                       maintext     00F1B
__ptext34                       maintext     00F3D
__ptext4                        text28       00178
__ptext5                        text28       00189
__ptext6                        text28       001C7
__ptext7                        text28       0019A
__ptext8                        maintext     00FD8
__ptext9                        text1        005E5
__size_of_ADC_get_val           (abs)        00000
__size_of_RX_one                (abs)        00000
__size_of_TX_one                (abs)        00000
__size_of_Vout_set              (abs)        00000
__size_of___bmul                (abs)        00000
__size_of___ftadd               (abs)        00000
__size_of___ftmul               (abs)        00000
__size_of___ftpack              (abs)        00000
__size_of___fttol               (abs)        00000
__size_of___lwtoft              (abs)        00000
__size_of___wmul                (abs)        00000
__size_of_buzz_one              (abs)        00000
__size_of_clear_lcd             (abs)        00000
__size_of_debug_fast_tx         (abs)        00000
__size_of_digitalpot            (abs)        00000
__size_of_get_30v_current       (abs)        00000
__size_of_i2c_Start             (abs)        00000
__size_of_i2c_Stop              (abs)        00000
__size_of_i2c_Write             (abs)        00000
__size_of_i2c_Write_string      (abs)        00000
__size_of_i2c_first_line        (abs)        00000
__size_of_i2c_second_line       (abs)        00000
__size_of_i2c_write_char        (abs)        00000
__size_of_init_ADC              (abs)        00000
__size_of_init_current_sink     (abs)        00000
__size_of_init_i2c              (abs)        00000
__size_of_init_i2c_lcd_5v       (abs)        00000
__size_of_isr                   (abs)        00000
__size_of_lcd_print_int         (abs)        00000
__size_of_lcd_set_cursor        (abs)        00000
__size_of_main                  (abs)        00000
__size_of_power_supply_set      (abs)        00000
__size_of_print_error           (abs)        00000
__size_of_print_screen          (abs)        00000
__size_of_ten_thou_conv         (abs)        00000
__size_of_testjig_done          (abs)        00000
_buzz_one                       text1        00612
_buzz_timer                     nvBANK0      00067
_clear_lcd                      text28       0019A
_curent_sink_val                bssBANK0     00051
_current_sink_stable            bssBANK0     00053
_current_sink_timer             bssBANK0     00055
_debug_fast_tx                  text1        005E5
_digitalpot                     text28       001AF
_get_30v_current                text21       00317
_hund                           bssBANK0     00061
_i2c_Start                      text28       00226
_i2c_Stop                       text28       0022B
_i2c_Write                      text28       0021A
_i2c_Write_string               text28       001C7
_i2c_first_line                 text28       00189
_i2c_second_line                text28       00178
_i2c_write_char                 text28       0016B
_init_ADC                       maintext     00FF9
_init_current_sink              text19       00659
_init_i2c                       text18       00642
_init_i2c_lcd_5v                text28       001E2
_isr                            intentry     00004
_lcd_print_int                  text28       000F7
_lcd_set_cursor                 text28       000DF
_main                           maintext     0080B
_motor_direction_timer          bssBANK0     00057
_one_second_timer               dataBANK0    0006A
_pickit_red_counter             bssBANK0     00062
_pickit_state                   nvBANK0      00069
_pickit_timer                   bssBANK0     00059
_power_supply_set               maintext     00FD8
_print_error                    maintext     00F73
_print_screen                   maintext     00F5D
_ten                            bssBANK0     00063
_ten_thou                       bssBANK0     00064
_ten_thou_conv                  text28       00230
_testjig_done                   text1        00520
_testjig_timer                  bssBANK0     0005B
_thou                           bssBANK0     00066
_tj_timer                       bssBANK0     0005D
_uart_receive_timer             bssBANK0     0005F
_unit                           bssBANK0     00065
btemp                           (abs)        0007E
buzz_one@time                   cstackCOMMON 00070
clear_ram0                      clrtext      00682
debug_fast_tx@data              cstackCOMMON 00070
debug_fast_tx@i                 cstackCOMMON 00072
digitalpot@value                cstackCOMMON 00073
end_of_initialization           cinit        000A2
get_30v_current@temp            cstackBANK0  00047
i2c_Write@data                  cstackCOMMON 00070
i2c_Write_string@data           cstackCOMMON 00071
i2c_write_char@char_data        cstackCOMMON 00071
init_i2c_lcd_5v@contrast        cstackCOMMON 00074
init_i2c_lcd_5v@single1_double2 cstackCOMMON 00071
int$flags                       (abs)        0007E
intlevel0                       functab      00000
intlevel1                       functab      00000
intlevel2                       functab      00000
intlevel3                       functab      00000
intlevel4                       functab      00000
intlevel5                       functab      00000
lcd_print_int@decimal           cstackBANK0  00024
lcd_print_int@number            cstackBANK0  00020
lcd_print_int@pos               cstackBANK0  00022
lcd_print_int@ten_thou_digit    cstackBANK0  00025
lcd_set_cursor@LCD_position     cstackCOMMON 00073
lcd_set_cursor@col              cstackCOMMON 00071
lcd_set_cursor@row              cstackCOMMON 00072
ltemp                           (abs)        0007E
ltemp0                          (abs)        0007E
ltemp1                          (abs)        00082
ltemp2                          (abs)        00086
ltemp3                          (abs)        00080
main@RX_data                    cstackBANK0  0004E
main@i                          cstackBANK0  0004C
power_supply_set@supply         cstackCOMMON 00070
print_error@bottom              cstackCOMMON 0007A
print_error@top                 cstackCOMMON 00078
print_screen@bottom             cstackCOMMON 00076
print_screen@top                cstackCOMMON 00074
reset_vec                       reset_vec    00000
stackhi                         (abs)        025EF
stacklo                         (abs)        0204C
start                           init         00095
start_initialization            cinit        00097
ten_thou_conv@n                 cstackCOMMON 00076
testjig_done@state              cstackCOMMON 0007B
ttemp                           (abs)        0007E
ttemp0                          (abs)        0007E
ttemp1                          (abs)        00081
ttemp2                          (abs)        00084
ttemp3                          (abs)        00087
ttemp4                          (abs)        0007F
wtemp                           (abs)        0007E
wtemp0                          (abs)        0007E
wtemp1                          (abs)        00080
wtemp2                          (abs)        00082
wtemp3                          (abs)        00084
wtemp4                          (abs)        00086
wtemp5                          (abs)        00088
wtemp6                          (abs)        0007F


FUNCTION INFORMATION:

 *************** function _main *****************
 Defined at:
		line 455 in file "Multi_RX_testjig_v1.c"
 Parameters:    Size  Location     Type
		None
 Auto vars:     Size  Location     Type
  i               2   44[BANK0 ] unsigned int 
  RX_data         1   46[BANK0 ] unsigned char 
 Return value:  Size  Location     Type
                  1    wreg      void 
 Registers used:
		wreg, fsr0l, fsr0h, status,2, status,0, pclath, cstack
 Tracked objects:
		On entry : 
		On exit  : 
		Unchanged: 
 Data sizes:     COMMON   BANK0   BANK1   BANK2   BANK3   BANK4   BANK5   BANK6   BANK7   BANK8   BANK9  BANK10  BANK11  BANK12  BANK13  BANK14  BANK15  BANK16  BANK17  BANK18
      Params:         0       0       0       0       0       0       0       0       0       0       0       0       0       0       0       0       0       0       0       0
      Locals:         0       3       0       0       0       0       0       0       0       0       0       0       0       0       0       0       0       0       0       0
      Temps:          0       3       0       0       0       0       0       0       0       0       0       0       0       0       0       0       0       0       0       0
      Totals:         0       6       0       0       0       0       0       0       0       0       0       0       0       0       0       0       0       0       0       0
Total ram usage:        6 bytes
 Hardware stack levels required when called:    5
 This function calls:
		_ADC_get_val
		_RX_one
		_TX_one
		_Vout_set
		_buzz_one
		_debug_fast_tx
		_get_30v_current
		_init_ADC
		_init_current_sink
		_init_i2c
		_init_i2c_lcd_5v
		_lcd_print_int
		_power_supply_set
		_print_error
		_print_screen
		_testjig_done
 This function is called by:
		Startup code after reset
 This function uses a non-reentrant model


 *************** function _testjig_done *****************
 Defined at:
		line 923 in file "Multi_RX_testjig_v1.c"
 Parameters:    Size  Location     Type
  state           1    wreg     unsigned char 
 Auto vars:     Size  Location     Type
  state           1   11[COMMON] unsigned char 
 Return value:  Size  Location     Type
                  1    wreg      void 
 Registers used:
		wreg, fsr0l, fsr0h, status,2, status,0, pclath, cstack
 Tracked objects:
		On entry : 
		On exit  : 
		Unchanged: 
 Data sizes:     COMMON   BANK0   BANK1   BANK2   BANK3   BANK4   BANK5   BANK6   BANK7   BANK8   BANK9  BANK10  BANK11  BANK12  BANK13  BANK14  BANK15  BANK16  BANK17  BANK18
      Params:         0       0       0       0       0       0       0       0       0       0       0       0       0       0       0       0       0       0       0       0
      Locals:         1       0       0       0       0       0       0       0       0       0       0       0       0       0       0       0       0       0       0       0
      Temps:          3       0       0       0       0       0       0       0       0       0       0       0       0       0       0       0       0       0       0       0
      Totals:         4       0       0       0       0       0       0       0       0       0       0       0       0       0       0       0       0       0       0       0
Total ram usage:        4 bytes
 Hardware stack levels used:    1
 Hardware stack levels required when called:    4
 This function calls:
		_buzz_one
		_debug_fast_tx
		_power_supply_set
		_print_screen
 This function is called by:
		_main
 This function uses a non-reentrant model


 *************** function _print_error *****************
 Defined at:
		line 1437 in file "Multi_RX_testjig_v1.c"
 Parameters:    Size  Location     Type
  top             2    8[COMMON] PTR const unsigned char 
		 -> STR_153(12), STR_149(12), STR_145(12), STR_143(8), 
		 -> STR_141(8), STR_133(13), STR_131(13), STR_129(12), 
		 -> STR_127(12), STR_121(12), STR_119(12), STR_117(12), 
		 -> STR_115(12), STR_113(12), STR_109(12), STR_107(10), 
		 -> STR_105(12), STR_103(9), STR_101(12), STR_99(12), 
		 -> STR_97(9), STR_95(9), STR_93(12), STR_91(10), 
		 -> STR_85(12), STR_83(10), STR_81(12), STR_79(9), 
		 -> STR_77(12), STR_75(12), STR_73(9), STR_71(9), 
		 -> STR_69(12), STR_67(10), STR_61(19), STR_59(12), 
		 -> STR_57(16), STR_55(12), STR_53(19), STR_47(12), 
		 -> STR_45(12), STR_41(12), STR_39(13), STR_37(12), 
		 -> STR_31(12), STR_25(14), STR_23(11), STR_21(15), 
		 -> STR_19(15), STR_17(14), STR_15(14), STR_13(14), 
		 -> STR_11(11), STR_9(14), STR_7(14), STR_3(9), 
  bottom          2   10[COMMON] PTR const unsigned char 
		 -> STR_154(4), STR_150(4), STR_146(4), STR_144(15), 
		 -> STR_142(17), STR_134(13), STR_132(14), STR_130(4), 
		 -> STR_128(4), STR_122(13), STR_120(16), STR_118(14), 
		 -> STR_116(4), STR_114(4), STR_110(4), STR_108(9), 
		 -> STR_106(3), STR_104(7), STR_102(4), STR_100(4), 
		 -> STR_98(15), STR_96(16), STR_94(3), STR_92(9), 
		 -> STR_86(3), STR_84(9), STR_82(3), STR_80(7), 
		 -> STR_78(4), STR_76(4), STR_74(15), STR_72(16), 
		 -> STR_70(3), STR_68(9), STR_62(9), STR_60(3), 
		 -> STR_58(7), STR_56(3), STR_54(9), STR_48(9), 
		 -> STR_46(9), STR_42(3), STR_40(12), STR_38(3), 
		 -> STR_32(6), STR_26(12), STR_24(11), STR_22(13), 
		 -> STR_20(13), STR_18(13), STR_16(13), STR_14(12), 
		 -> STR_12(11), STR_10(13), STR_8(13), STR_4(14), 
 Auto vars:     Size  Location     Type
		None
 Return value:  Size  Location     Type
                  1    wreg      void 
 Registers used:
		wreg, fsr0l, fsr0h, status,2, status,0, pclath, cstack
 Tracked objects:
		On entry : 
		On exit  : 
		Unchanged: 
 Data sizes:     COMMON   BANK0   BANK1   BANK2   BANK3   BANK4   BANK5   BANK6   BANK7   BANK8   BANK9  BANK10  BANK11  BANK12  BANK13  BANK14  BANK15  BANK16  BANK17  BANK18
      Params:         4       0       0       0       0       0       0       0       0       0       0       0       0       0       0       0       0       0       0       0
      Locals:         0       0       0       0       0       0       0       0       0       0       0       0       0       0       0       0       0       0       0       0
      Temps:          0       3       0       0       0       0       0       0       0       0       0       0       0       0       0       0       0       0       0       0
      Totals:         4       3       0       0       0       0       0       0       0       0       0       0       0       0       0       0       0       0       0       0
Total ram usage:        7 bytes
 Hardware stack levels used:    1
 Hardware stack levels required when called:    4
 This function calls:
		_buzz_one
		_clear_lcd
		_debug_fast_tx
		_i2c_Write_string
		_i2c_first_line
		_i2c_second_line
		_power_supply_set
		_print_screen
 This function is called by:
		_main
 This function uses a non-reentrant model


 *************** function _print_screen *****************
 Defined at:
		line 1460 in file "Multi_RX_testjig_v1.c"
 Parameters:    Size  Location     Type
  top             2    4[COMMON] PTR const unsigned char 
		 -> STR_169(12), STR_167(17), STR_165(17), STR_163(17), 
		 -> STR_161(9), STR_159(13), STR_157(10), STR_155(16), 
		 -> STR_151(10), STR_147(14), STR_139(8), STR_137(8), 
		 -> STR_135(8), STR_125(8), STR_123(8), STR_111(8), 
		 -> STR_89(9), STR_87(9), STR_65(9), STR_63(9), 
		 -> STR_51(11), STR_49(11), STR_43(13), STR_35(13), 
		 -> STR_33(19), STR_29(12), STR_27(19), STR_5(15), 
		 -> STR_1(9), 
  bottom          2    6[COMMON] PTR const unsigned char 
		 -> STR_170(17), STR_168(13), STR_166(14), STR_164(8), 
		 -> STR_162(8), STR_160(14), STR_158(11), STR_156(13), 
		 -> STR_152(10), STR_148(2), STR_140(16), STR_138(7), 
		 -> STR_136(10), STR_126(5), STR_124(9), STR_112(4), 
		 -> STR_90(3), STR_88(1), STR_66(3), STR_64(1), 
		 -> STR_52(5), STR_50(1), STR_44(6), STR_36(6), 
		 -> STR_34(9), STR_30(13), STR_28(1), STR_6(1), 
		 -> STR_2(17), 
 Auto vars:     Size  Location     Type
		None
 Return value:  Size  Location     Type
                  1    wreg      void 
 Registers used:
		wreg, fsr0l, fsr0h, status,2, status,0, pclath, cstack
 Tracked objects:
		On entry : 
		On exit  : 
		Unchanged: 
 Data sizes:     COMMON   BANK0   BANK1   BANK2   BANK3   BANK4   BANK5   BANK6   BANK7   BANK8   BANK9  BANK10  BANK11  BANK12  BANK13  BANK14  BANK15  BANK16  BANK17  BANK18
      Params:         4       0       0       0       0       0       0       0       0       0       0       0       0       0       0       0       0       0       0       0
      Locals:         0       0       0       0       0       0       0       0       0       0       0       0       0       0       0       0       0       0       0       0
      Temps:          0       0       0       0       0       0       0       0       0       0       0       0       0       0       0       0       0       0       0       0
      Totals:         4       0       0       0       0       0       0       0       0       0       0       0       0       0       0       0       0       0       0       0
Total ram usage:        4 bytes
 Hardware stack levels used:    1
 Hardware stack levels required when called:    3
 This function calls:
		_clear_lcd
		_i2c_Write_string
		_i2c_first_line
		_i2c_second_line
 This function is called by:
		_main
		_testjig_done
		_print_error
 This function uses a non-reentrant model


 *************** function _i2c_second_line *****************
 Defined at:
		line 1085 in file "Multi_RX_testjig_v1.c"
 Parameters:    Size  Location     Type
		None
 Auto vars:     Size  Location     Type
		None
 Return value:  Size  Location     Type
                  1    wreg      void 
 Registers used:
		wreg, status,2, status,0, pclath, cstack
 Tracked objects:
		On entry : 
		On exit  : 
		Unchanged: 
 Data sizes:     COMMON   BANK0   BANK1   BANK2   BANK3   BANK4   BANK5   BANK6   BANK7   BANK8   BANK9  BANK10  BANK11  BANK12  BANK13  BANK14  BANK15  BANK16  BANK17  BANK18
      Params:         0       0       0       0       0       0       0       0       0       0       0       0       0       0       0       0       0       0       0       0
      Locals:         0       0       0       0       0       0       0       0       0       0       0       0       0       0       0       0       0       0       0       0
      Temps:          1       0       0       0       0       0       0       0       0       0       0       0       0       0       0       0       0       0       0       0
      Totals:         1       0       0       0       0       0       0       0       0       0       0       0       0       0       0       0       0       0       0       0
Total ram usage:        1 bytes
 Hardware stack levels used:    1
 Hardware stack levels required when called:    2
 This function calls:
		_i2c_Start
		_i2c_Stop
		_i2c_Write
 This function is called by:
		_print_error
		_print_screen
 This function uses a non-reentrant model


 *************** function _i2c_first_line *****************
 Defined at:
		line 1075 in file "Multi_RX_testjig_v1.c"
 Parameters:    Size  Location     Type
		None
 Auto vars:     Size  Location     Type
		None
 Return value:  Size  Location     Type
                  1    wreg      void 
 Registers used:
		wreg, status,2, status,0, pclath, cstack
 Tracked objects:
		On entry : 
		On exit  : 
		Unchanged: 
 Data sizes:     COMMON   BANK0   BANK1   BANK2   BANK3   BANK4   BANK5   BANK6   BANK7   BANK8   BANK9  BANK10  BANK11  BANK12  BANK13  BANK14  BANK15  BANK16  BANK17  BANK18
      Params:         0       0       0       0       0       0       0       0       0       0       0       0       0       0       0       0       0       0       0       0
      Locals:         0       0       0       0       0       0       0       0       0       0       0       0       0       0       0       0       0       0       0       0
      Temps:          1       0       0       0       0       0       0       0       0       0       0       0       0       0       0       0       0       0       0       0
      Totals:         1       0       0       0       0       0       0       0       0       0       0       0       0       0       0       0       0       0       0       0
Total ram usage:        1 bytes
 Hardware stack levels used:    1
 Hardware stack levels required when called:    2
 This function calls:
		_i2c_Start
		_i2c_Stop
		_i2c_Write
 This function is called by:
		_print_error
		_print_screen
 This function uses a non-reentrant model


 *************** function _i2c_Write_string *****************
 Defined at:
		line 997 in file "Multi_RX_testjig_v1.c"
 Parameters:    Size  Location     Type
  data            2    1[COMMON] PTR const unsigned char 
		 -> STR_170(17), STR_169(12), STR_168(13), STR_167(17), 
		 -> STR_166(14), STR_165(17), STR_164(8), STR_163(17), 
		 -> STR_162(8), STR_161(9), STR_160(14), STR_159(13), 
		 -> STR_158(11), STR_157(10), STR_156(13), STR_155(16), 
		 -> STR_154(4), STR_153(12), STR_152(10), STR_151(10), 
		 -> STR_150(4), STR_149(12), STR_148(2), STR_147(14), 
		 -> STR_146(4), STR_145(12), STR_144(15), STR_143(8), 
		 -> STR_142(17), STR_141(8), STR_140(16), STR_139(8), 
		 -> STR_138(7), STR_137(8), STR_136(10), STR_135(8), 
		 -> STR_134(13), STR_133(13), STR_132(14), STR_131(13), 
		 -> STR_130(4), STR_129(12), STR_128(4), STR_127(12), 
		 -> STR_126(5), STR_125(8), STR_124(9), STR_123(8), 
		 -> STR_122(13), STR_121(12), STR_120(16), STR_119(12), 
		 -> STR_118(14), STR_117(12), STR_116(4), STR_115(12), 
		 -> STR_114(4), STR_113(12), STR_112(4), STR_111(8), 
		 -> STR_110(4), STR_109(12), STR_108(9), STR_107(10), 
		 -> STR_106(3), STR_105(12), STR_104(7), STR_103(9), 
		 -> STR_102(4), STR_101(12), STR_100(4), STR_99(12), 
		 -> STR_98(15), STR_97(9), STR_96(16), STR_95(9), 
		 -> STR_94(3), STR_93(12), STR_92(9), STR_91(10), 
		 -> STR_90(3), STR_89(9), STR_88(1), STR_87(9), 
		 -> STR_86(3), STR_85(12), STR_84(9), STR_83(10), 
		 -> STR_82(3), STR_81(12), STR_80(7), STR_79(9), 
		 -> STR_78(4), STR_77(12), STR_76(4), STR_75(12), 
		 -> STR_74(15), STR_73(9), STR_72(16), STR_71(9), 
		 -> STR_70(3), STR_69(12), STR_68(9), STR_67(10), 
		 -> STR_66(3), STR_65(9), STR_64(1), STR_63(9), 
		 -> STR_62(9), STR_61(19), STR_60(3), STR_59(12), 
		 -> STR_58(7), STR_57(16), STR_56(3), STR_55(12), 
		 -> STR_54(9), STR_53(19), STR_52(5), STR_51(11), 
		 -> STR_50(1), STR_49(11), STR_48(9), STR_47(12), 
		 -> STR_46(9), STR_45(12), STR_44(6), STR_43(13), 
		 -> STR_42(3), STR_41(12), STR_40(12), STR_39(13), 
		 -> STR_38(3), STR_37(12), STR_36(6), STR_35(13), 
		 -> STR_34(9), STR_33(19), STR_32(6), STR_31(12), 
		 -> STR_30(13), STR_29(12), STR_28(1), STR_27(19), 
		 -> STR_26(12), STR_25(14), STR_24(11), STR_23(11), 
		 -> STR_22(13), STR_21(15), STR_20(13), STR_19(15), 
		 -> STR_18(13), STR_17(14), STR_16(13), STR_15(14), 
		 -> STR_14(12), STR_13(14), STR_12(11), STR_11(11), 
		 -> STR_10(13), STR_9(14), STR_8(13), STR_7(14), 
		 -> STR_6(1), STR_5(15), STR_4(14), STR_3(9), 
		 -> STR_2(17), STR_1(9), 
 Auto vars:     Size  Location     Type
		None
 Return value:  Size  Location     Type
                  1    wreg      void 
 Registers used:
		wreg, fsr0l, fsr0h, status,2, status,0, pclath, cstack
 Tracked objects:
		On entry : 
		On exit  : 
		Unchanged: 
 Data sizes:     COMMON   BANK0   BANK1   BANK2   BANK3   BANK4   BANK5   BANK6   BANK7   BANK8   BANK9  BANK10  BANK11  BANK12  BANK13  BANK14  BANK15  BANK16  BANK17  BANK18
      Params:         2       0       0       0       0       0       0       0       0       0       0       0       0       0       0       0       0       0       0       0
      Locals:         0       0       0       0       0       0       0       0       0       0       0       0       0       0       0       0       0       0       0       0
      Temps:          1       0       0       0       0       0       0       0       0       0       0       0       0       0       0       0       0       0       0       0
      Totals:         3       0       0       0       0       0       0       0       0       0       0       0       0       0       0       0       0       0       0       0
Total ram usage:        3 bytes
 Hardware stack levels used:    1
 Hardware stack levels required when called:    2
 This function calls:
		_i2c_Start
		_i2c_Stop
		_i2c_Write
 This function is called by:
		_print_error
		_print_screen
 This function uses a non-reentrant model


 *************** function _clear_lcd *****************
 Defined at:
		line 1065 in file "Multi_RX_testjig_v1.c"
 Parameters:    Size  Location     Type
		None
 Auto vars:     Size  Location     Type
		None
 Return value:  Size  Location     Type
                  1    wreg      void 
 Registers used:
		wreg, status,2, status,0, pclath, cstack
 Tracked objects:
		On entry : 
		On exit  : 
		Unchanged: 
 Data sizes:     COMMON   BANK0   BANK1   BANK2   BANK3   BANK4   BANK5   BANK6   BANK7   BANK8   BANK9  BANK10  BANK11  BANK12  BANK13  BANK14  BANK15  BANK16  BANK17  BANK18
      Params:         0       0       0       0       0       0       0       0       0       0       0       0       0       0       0       0       0       0       0       0
      Locals:         0       0       0       0       0       0       0       0       0       0       0       0       0       0       0       0       0       0       0       0
      Temps:          2       0       0       0       0       0       0       0       0       0       0       0       0       0       0       0       0       0       0       0
      Totals:         2       0       0       0       0       0       0       0       0       0       0       0       0       0       0       0       0       0       0       0
Total ram usage:        2 bytes
 Hardware stack levels used:    1
 Hardware stack levels required when called:    2
 This function calls:
		_i2c_Start
		_i2c_Stop
		_i2c_Write
 This function is called by:
		_print_error
		_print_screen
 This function uses a non-reentrant model


 *************** function _power_supply_set *****************
 Defined at:
		line 1839 in file "Multi_RX_testjig_v1.c"
 Parameters:    Size  Location     Type
  supply          1    wreg     unsigned char 
 Auto vars:     Size  Location     Type
  supply          1    0[COMMON] unsigned char 
 Return value:  Size  Location     Type
                  1    wreg      void 
 Registers used:
		wreg, fsr0l, fsr0h, status,2, status,0
 Tracked objects:
		On entry : 
		On exit  : 
		Unchanged: 
 Data sizes:     COMMON   BANK0   BANK1   BANK2   BANK3   BANK4   BANK5   BANK6   BANK7   BANK8   BANK9  BANK10  BANK11  BANK12  BANK13  BANK14  BANK15  BANK16  BANK17  BANK18
      Params:         0       0       0       0       0       0       0       0       0       0       0       0       0       0       0       0       0       0       0       0
      Locals:         1       0       0       0       0       0       0       0       0       0       0       0       0       0       0       0       0       0       0       0
      Temps:          0       0       0       0       0       0       0       0       0       0       0       0       0       0       0       0       0       0       0       0
      Totals:         1       0       0       0       0       0       0       0       0       0       0       0       0       0       0       0       0       0       0       0
Total ram usage:        1 bytes
 Hardware stack levels used:    1
 Hardware stack levels required when called:    1
 This function calls:
		Nothing
 This function is called by:
		_main
		_testjig_done
		_print_error
 This function uses a non-reentrant model


 *************** function _debug_fast_tx *****************
 Defined at:
		line 1953 in file "Multi_RX_testjig_v1.c"
 Parameters:    Size  Location     Type
  data            2    0[COMMON] unsigned int 
 Auto vars:     Size  Location     Type
  i               1    2[COMMON] unsigned char 
 Return value:  Size  Location     Type
                  1    wreg      void 
 Registers used:
		wreg, status,2, status,0
 Tracked objects:
		On entry : 
		On exit  : 
		Unchanged: 
 Data sizes:     COMMON   BANK0   BANK1   BANK2   BANK3   BANK4   BANK5   BANK6   BANK7   BANK8   BANK9  BANK10  BANK11  BANK12  BANK13  BANK14  BANK15  BANK16  BANK17  BANK18
      Params:         2       0       0       0       0       0       0       0       0       0       0       0       0       0       0       0       0       0       0       0
      Locals:         1       0       0       0       0       0       0       0       0       0       0       0       0       0       0       0       0       0       0       0
      Temps:          0       0       0       0       0       0       0       0       0       0       0       0       0       0       0       0       0       0       0       0
      Totals:         3       0       0       0       0       0       0       0       0       0       0       0       0       0       0       0       0       0       0       0
Total ram usage:        3 bytes
 Hardware stack levels used:    1
 Hardware stack levels required when called:    1
 This function calls:
		Nothing
 This function is called by:
		_main
		_testjig_done
		_print_error
 This function uses a non-reentrant model


 *************** function _buzz_one *****************
 Defined at:
		line 964 in file "Multi_RX_testjig_v1.c"
 Parameters:    Size  Location     Type
  time            2    0[COMMON] unsigned int 
 Auto vars:     Size  Location     Type
		None
 Return value:  Size  Location     Type
                  1    wreg      void 
 Registers used:
		wreg
 Tracked objects:
		On entry : 
		On exit  : 
		Unchanged: 
 Data sizes:     COMMON   BANK0   BANK1   BANK2   BANK3   BANK4   BANK5   BANK6   BANK7   BANK8   BANK9  BANK10  BANK11  BANK12  BANK13  BANK14  BANK15  BANK16  BANK17  BANK18
      Params:         2       0       0       0       0       0       0       0       0       0       0       0       0       0       0       0       0       0       0       0
      Locals:         0       0       0       0       0       0       0       0       0       0       0       0       0       0       0       0       0       0       0       0
      Temps:          0       0       0       0       0       0       0       0       0       0       0       0       0       0       0       0       0       0       0       0
      Totals:         2       0       0       0       0       0       0       0       0       0       0       0       0       0       0       0       0       0       0       0
Total ram usage:        2 bytes
 Hardware stack levels used:    1
 Hardware stack levels required when called:    1
 This function calls:
		Nothing
 This function is called by:
		_main
		_testjig_done
		_print_error
 This function uses a non-reentrant model


 *************** function _lcd_print_int *****************
 Defined at:
		line 1670 in file "Multi_RX_testjig_v1.c"
 Parameters:    Size  Location     Type
  number          2    0[BANK0 ] unsigned int 
  pos             2    2[BANK0 ] unsigned int 
  decimal         1    4[BANK0 ] unsigned char 
  ten_thou_dig    1    5[BANK0 ] unsigned char 
 Auto vars:     Size  Location     Type
		None
 Return value:  Size  Location     Type
                  1    wreg      void 
 Registers used:
		wreg, status,2, status,0, pclath, cstack
 Tracked objects:
		On entry : 
		On exit  : 
		Unchanged: 
 Data sizes:     COMMON   BANK0   BANK1   BANK2   BANK3   BANK4   BANK5   BANK6   BANK7   BANK8   BANK9  BANK10  BANK11  BANK12  BANK13  BANK14  BANK15  BANK16  BANK17  BANK18
      Params:         0       6       0       0       0       0       0       0       0       0       0       0       0       0       0       0       0       0       0       0
      Locals:         0       0       0       0       0       0       0       0       0       0       0       0       0       0       0       0       0       0       0       0
      Temps:          0       0       0       0       0       0       0       0       0       0       0       0       0       0       0       0       0       0       0       0
      Totals:         0       6       0       0       0       0       0       0       0       0       0       0       0       0       0       0       0       0       0       0
Total ram usage:        6 bytes
 Hardware stack levels used:    1
 Hardware stack levels required when called:    3
 This function calls:
		_i2c_write_char
		_lcd_set_cursor
		_ten_thou_conv
 This function is called by:
		_main
 This function uses a non-reentrant model


 *************** function _ten_thou_conv *****************
 Defined at:
		line 1350 in file "Multi_RX_testjig_v1.c"
 Parameters:    Size  Location     Type
  n               2    6[COMMON] int 
 Auto vars:     Size  Location     Type
		None
 Return value:  Size  Location     Type
                  1    wreg      void 
 Registers used:
		wreg, status,2, status,0, pclath, cstack
 Tracked objects:
		On entry : 
		On exit  : 
		Unchanged: 
 Data sizes:     COMMON   BANK0   BANK1   BANK2   BANK3   BANK4   BANK5   BANK6   BANK7   BANK8   BANK9  BANK10  BANK11  BANK12  BANK13  BANK14  BANK15  BANK16  BANK17  BANK18
      Params:         2       0       0       0       0       0       0       0       0       0       0       0       0       0       0       0       0       0       0       0
      Locals:         0       0       0       0       0       0       0       0       0       0       0       0       0       0       0       0       0       0       0       0
      Temps:          3       0       0       0       0       0       0       0       0       0       0       0       0       0       0       0       0       0       0       0
      Totals:         5       0       0       0       0       0       0       0       0       0       0       0       0       0       0       0       0       0       0       0
Total ram usage:        5 bytes
 Hardware stack levels used:    1
 Hardware stack levels required when called:    2
 This function calls:
		___bmul
		___wmul
 This function is called by:
		_lcd_print_int
 This function uses a non-reentrant model


 *************** function ___wmul *****************
 Defined at:
		line 15 in file "C:\Program Files (x86)\Microchip\xc8\v1.38\sources\common\Umul16.c"
 Parameters:    Size  Location     Type
  multiplier      2    0[COMMON] unsigned int 
  multiplicand    2    2[COMMON] unsigned int 
 Auto vars:     Size  Location     Type
  product         2    4[COMMON] unsigned int 
 Return value:  Size  Location     Type
                  2    0[COMMON] unsigned int 
 Registers used:
		wreg, status,2, status,0
 Tracked objects:
		On entry : 
		On exit  : 
		Unchanged: 
 Data sizes:     COMMON   BANK0   BANK1   BANK2   BANK3   BANK4   BANK5   BANK6   BANK7   BANK8   BANK9  BANK10  BANK11  BANK12  BANK13  BANK14  BANK15  BANK16  BANK17  BANK18
      Params:         4       0       0       0       0       0       0       0       0       0       0       0       0       0       0       0       0       0       0       0
      Locals:         2       0       0       0       0       0       0       0       0       0       0       0       0       0       0       0       0       0       0       0
      Temps:          0       0       0       0       0       0       0       0       0       0       0       0       0       0       0       0       0       0       0       0
      Totals:         6       0       0       0       0       0       0       0       0       0       0       0       0       0       0       0       0       0       0       0
Total ram usage:        6 bytes
 Hardware stack levels used:    1
 Hardware stack levels required when called:    1
 This function calls:
		Nothing
 This function is called by:
		_ten_thou_conv
 This function uses a non-reentrant model


 *************** function ___bmul *****************
 Defined at:
		line 4 in file "C:\Program Files (x86)\Microchip\xc8\v1.38\sources\common\Umul8.c"
 Parameters:    Size  Location     Type
  multiplier      1    wreg     unsigned char 
  multiplicand    1    0[COMMON] unsigned char 
 Auto vars:     Size  Location     Type
  multiplier      1    2[COMMON] unsigned char 
  product         1    1[COMMON] unsigned char 
 Return value:  Size  Location     Type
                  1    wreg      unsigned char 
 Registers used:
		wreg, status,2, status,0
 Tracked objects:
		On entry : 
		On exit  : 
		Unchanged: 
 Data sizes:     COMMON   BANK0   BANK1   BANK2   BANK3   BANK4   BANK5   BANK6   BANK7   BANK8   BANK9  BANK10  BANK11  BANK12  BANK13  BANK14  BANK15  BANK16  BANK17  BANK18
      Params:         1       0       0       0       0       0       0       0       0       0       0       0       0       0       0       0       0       0       0       0
      Locals:         2       0       0       0       0       0       0       0       0       0       0       0       0       0       0       0       0       0       0       0
      Temps:          0       0       0       0       0       0       0       0       0       0       0       0       0       0       0       0       0       0       0       0
      Totals:         3       0       0       0       0       0       0       0       0       0       0       0       0       0       0       0       0       0       0       0
Total ram usage:        3 bytes
 Hardware stack levels used:    1
 Hardware stack levels required when called:    1
 This function calls:
		Nothing
 This function is called by:
		_ten_thou_conv
 This function uses a non-reentrant model


 *************** function _lcd_set_cursor *****************
 Defined at:
		line 1095 in file "Multi_RX_testjig_v1.c"
 Parameters:    Size  Location     Type
  row             1    wreg     unsigned char 
  col             1    1[COMMON] unsigned char 
 Auto vars:     Size  Location     Type
  row             1    2[COMMON] unsigned char 
  LCD_position    1    3[COMMON] unsigned char 
 Return value:  Size  Location     Type
                  1    wreg      void 
 Registers used:
		wreg, status,2, status,0, pclath, cstack
 Tracked objects:
		On entry : 
		On exit  : 
		Unchanged: 
 Data sizes:     COMMON   BANK0   BANK1   BANK2   BANK3   BANK4   BANK5   BANK6   BANK7   BANK8   BANK9  BANK10  BANK11  BANK12  BANK13  BANK14  BANK15  BANK16  BANK17  BANK18
      Params:         1       0       0       0       0       0       0       0       0       0       0       0       0       0       0       0       0       0       0       0
      Locals:         2       0       0       0       0       0       0       0       0       0       0       0       0       0       0       0       0       0       0       0
      Temps:          0       0       0       0       0       0       0       0       0       0       0       0       0       0       0       0       0       0       0       0
      Totals:         3       0       0       0       0       0       0       0       0       0       0       0       0       0       0       0       0       0       0       0
Total ram usage:        3 bytes
 Hardware stack levels used:    1
 Hardware stack levels required when called:    2
 This function calls:
		_i2c_Start
		_i2c_Stop
		_i2c_Write
 This function is called by:
		_lcd_print_int
 This function uses a non-reentrant model


 *************** function _i2c_write_char *****************
 Defined at:
		line 1011 in file "Multi_RX_testjig_v1.c"
 Parameters:    Size  Location     Type
  char_data       1    wreg     unsigned char 
 Auto vars:     Size  Location     Type
  char_data       1    1[COMMON] unsigned char 
 Return value:  Size  Location     Type
                  1    wreg      void 
 Registers used:
		wreg, status,2, status,0, pclath, cstack
 Tracked objects:
		On entry : 
		On exit  : 
		Unchanged: 
 Data sizes:     COMMON   BANK0   BANK1   BANK2   BANK3   BANK4   BANK5   BANK6   BANK7   BANK8   BANK9  BANK10  BANK11  BANK12  BANK13  BANK14  BANK15  BANK16  BANK17  BANK18
      Params:         0       0       0       0       0       0       0       0       0       0       0       0       0       0       0       0       0       0       0       0
      Locals:         1       0       0       0       0       0       0       0       0       0       0       0       0       0       0       0       0       0       0       0
      Temps:          0       0       0       0       0       0       0       0       0       0       0       0       0       0       0       0       0       0       0       0
      Totals:         1       0       0       0       0       0       0       0       0       0       0       0       0       0       0       0       0       0       0       0
Total ram usage:        1 bytes
 Hardware stack levels used:    1
 Hardware stack levels required when called:    2
 This function calls:
		_i2c_Start
		_i2c_Stop
		_i2c_Write
 This function is called by:
		_lcd_print_int
 This function uses a non-reentrant model


 *************** function _init_i2c_lcd_5v *****************
 Defined at:
		line 1021 in file "Multi_RX_testjig_v1.c"
 Parameters:    Size  Location     Type
  contrast        1    wreg     unsigned char 
  single1_doub    1    1[COMMON] unsigned char 
 Auto vars:     Size  Location     Type
  contrast        1    4[COMMON] unsigned char 
 Return value:  Size  Location     Type
                  1    wreg      void 
 Registers used:
		wreg, status,2, status,0, pclath, cstack
 Tracked objects:
		On entry : 
		On exit  : 
		Unchanged: 
 Data sizes:     COMMON   BANK0   BANK1   BANK2   BANK3   BANK4   BANK5   BANK6   BANK7   BANK8   BANK9  BANK10  BANK11  BANK12  BANK13  BANK14  BANK15  BANK16  BANK17  BANK18
      Params:         1       0       0       0       0       0       0       0       0       0       0       0       0       0       0       0       0       0       0       0
      Locals:         1       0       0       0       0       0       0       0       0       0       0       0       0       0       0       0       0       0       0       0
      Temps:          2       0       0       0       0       0       0       0       0       0       0       0       0       0       0       0       0       0       0       0
      Totals:         4       0       0       0       0       0       0       0       0       0       0       0       0       0       0       0       0       0       0       0
Total ram usage:        4 bytes
 Hardware stack levels used:    1
 Hardware stack levels required when called:    2
 This function calls:
		_i2c_Start
		_i2c_Stop
		_i2c_Write
 This function is called by:
		_main
 This function uses a non-reentrant model


 *************** function _init_i2c *****************
 Defined at:
		line 1797 in file "Multi_RX_testjig_v1.c"
 Parameters:    Size  Location     Type
		None
 Auto vars:     Size  Location     Type
		None
 Return value:  Size  Location     Type
                  1    wreg      void 
 Registers used:
		wreg
 Tracked objects:
		On entry : 
		On exit  : 
		Unchanged: 
[...]
      Locals:         0       3       0       0       0       0       0       0       0       0       0       0       0       0       0       0       0       0       0       0
      Temps:          0       3       0       0       0       0       0       0       0       0       0       0       0       0       0       0       0       0       0       0
      Totals:         0      12       0       0       0       0       0       0       0       0       0       0       0       0       0       0       0       0       0       0
Total ram usage:       12 bytes
 Hardware stack levels used:    1
 Hardware stack levels required when called:    2
 This function calls:
		___ftpack
 This function is called by:
		_get_30v_current
 This function uses a non-reentrant model


 *************** function ___ftpack *****************
 Defined at:
		line 62 in file "C:\Program Files (x86)\Microchip\xc8\v1.38\sources\common\float.c"
 Parameters:    Size  Location     Type
  arg             3    0[COMMON] unsigned um
  exp             1    3[COMMON] unsigned char 
  sign            1    4[COMMON] unsigned char 
 Auto vars:     Size  Location     Type
		None
 Return value:  Size  Location     Type
                  3    0[COMMON] float 
 Registers used:
		wreg, status,2, status,0
 Tracked objects:
		On entry : 
		On exit  : 
		Unchanged: 
 Data sizes:     COMMON   BANK0   BANK1   BANK2   BANK3   BANK4   BANK5   BANK6   BANK7   BANK8   BANK9  BANK10  BANK11  BANK12  BANK13  BANK14  BANK15  BANK16  BANK17  BANK18
      Params:         5       0       0       0       0       0       0       0       0       0       0       0       0       0       0       0       0       0       0       0
      Locals:         0       0       0       0       0       0       0       0       0       0       0       0       0       0       0       0       0       0       0       0
      Temps:          3       0       0       0       0       0       0       0       0       0       0       0       0       0       0       0       0       0       0       0
      Totals:         8       0       0       0       0       0       0       0       0       0       0       0       0       0       0       0       0       0       0       0
Total ram usage:        8 bytes
 Hardware stack levels used:    1
 Hardware stack levels required when called:    1
 This function calls:
		Nothing
 This function is called by:
		___ftadd
		___ftmul
		___lwtoft
 This function uses a non-reentrant model


 *************** function _ADC_get_val *****************
 Defined at:
		line 1815 in file "Multi_RX_testjig_v1.c"
 Parameters:    Size  Location     Type
  channel         1    wreg     unsigned char 
 Auto vars:     Size  Location     Type
  channel         1    3[COMMON] unsigned char 
  return_val      2    4[COMMON] unsigned int 
 Return value:  Size  Location     Type
                  2    0[COMMON] unsigned int 
 Registers used:
		wreg
 Tracked objects:
		On entry : 
		On exit  : 
		Unchanged: 
 Data sizes:     COMMON   BANK0   BANK1   BANK2   BANK3   BANK4   BANK5   BANK6   BANK7   BANK8   BANK9  BANK10  BANK11  BANK12  BANK13  BANK14  BANK15  BANK16  BANK17  BANK18
      Params:         3       0       0       0       0       0       0       0       0       0       0       0       0       0       0       0       0       0       0       0
      Locals:         3       0       0       0       0       0       0       0       0       0       0       0       0       0       0       0       0       0       0       0
      Temps:          0       0       0       0       0       0       0       0       0       0       0       0       0       0       0       0       0       0       0       0
      Totals:         6       0       0       0       0       0       0       0       0       0       0       0       0       0       0       0       0       0       0       0
Total ram usage:        6 bytes
 Hardware stack levels used:    1
 Hardware stack levels required when called:    1
 This function calls:
		Nothing
 This function is called by:
		_main
		_get_30v_current
 This function uses a non-reentrant model


 *************** function _Vout_set *****************
 Defined at:
		line 1876 in file "Multi_RX_testjig_v1.c"
 Parameters:    Size  Location     Type
  Volts           2    4[COMMON] int 
 Auto vars:     Size  Location     Type
  digi_step       4    6[COMMON] unsigned long 
 Return value:  Size  Location     Type
                  1    wreg      void 
 Registers used:
		wreg, fsr0l, fsr0h, status,2, status,0, pclath, cstack
 Tracked objects:
		On entry : 
		On exit  : 
		Unchanged: 
 Data sizes:     COMMON   BANK0   BANK1   BANK2   BANK3   BANK4   BANK5   BANK6   BANK7   BANK8   BANK9  BANK10  BANK11  BANK12  BANK13  BANK14  BANK15  BANK16  BANK17  BANK18
      Params:         2       0       0       0       0       0       0       0       0       0       0       0       0       0       0       0       0       0       0       0
      Locals:         4       0       0       0       0       0       0       0       0       0       0       0       0       0       0       0       0       0       0       0
      Temps:          0       0       0       0       0       0       0       0       0       0       0       0       0       0       0       0       0       0       0       0
      Totals:         6       0       0       0       0       0       0       0       0       0       0       0       0       0       0       0       0       0       0       0
Total ram usage:        6 bytes
 Hardware stack levels used:    1
 Hardware stack levels required when called:    3
 This function calls:
		_digitalpot
 This function is called by:
		_main
 This function uses a non-reentrant model


 *************** function _digitalpot *****************
 Defined at:
		line 1943 in file "Multi_RX_testjig_v1.c"
 Parameters:    Size  Location     Type
  value           1    wreg     unsigned char 
 Auto vars:     Size  Location     Type
  value           1    3[COMMON] unsigned char 
 Return value:  Size  Location     Type
                  1    wreg      void 
 Registers used:
		wreg, status,2, status,0, pclath, cstack
 Tracked objects:
		On entry : 
		On exit  : 
		Unchanged: 
 Data sizes:     COMMON   BANK0   BANK1   BANK2   BANK3   BANK4   BANK5   BANK6   BANK7   BANK8   BANK9  BANK10  BANK11  BANK12  BANK13  BANK14  BANK15  BANK16  BANK17  BANK18
      Params:         0       0       0       0       0       0       0       0       0       0       0       0       0       0       0       0       0       0       0       0
      Locals:         1       0       0       0       0       0       0       0       0       0       0       0       0       0       0       0       0       0       0       0
      Temps:          2       0       0       0       0       0       0       0       0       0       0       0       0       0       0       0       0       0       0       0
      Totals:         3       0       0       0       0       0       0       0       0       0       0       0       0       0       0       0       0       0       0       0
Total ram usage:        3 bytes
 Hardware stack levels used:    1
 Hardware stack levels required when called:    2
 This function calls:
		_i2c_Start
		_i2c_Stop
		_i2c_Write
 This function is called by:
		_Vout_set
 This function uses a non-reentrant model


 *************** function _i2c_Write *****************
 Defined at:
		line 983 in file "Multi_RX_testjig_v1.c"
 Parameters:    Size  Location     Type
  data            1    wreg     unsigned char 
 Auto vars:     Size  Location     Type
  data            1    0[COMMON] unsigned char 
 Return value:  Size  Location     Type
                  1    wreg      void 
 Registers used:
		wreg, status,2
 Tracked objects:
		On entry : 
		On exit  : 
		Unchanged: 
 Data sizes:     COMMON   BANK0   BANK1   BANK2   BANK3   BANK4   BANK5   BANK6   BANK7   BANK8   BANK9  BANK10  BANK11  BANK12  BANK13  BANK14  BANK15  BANK16  BANK17  BANK18
      Params:         0       0       0       0       0       0       0       0       0       0       0       0       0       0       0       0       0       0       0       0
      Locals:         1       0       0       0       0       0       0       0       0       0       0       0       0       0       0       0       0       0       0       0
      Temps:          0       0       0       0       0       0       0       0       0       0       0       0       0       0       0       0       0       0       0       0
      Totals:         1       0       0       0       0       0       0       0       0       0       0       0       0       0       0       0       0       0       0       0
Total ram usage:        1 bytes
 Hardware stack levels used:    1
 Hardware stack levels required when called:    1
 This function calls:
		Nothing
 This function is called by:
		_i2c_Write_string
		_i2c_write_char
		_init_i2c_lcd_5v
		_clear_lcd
		_i2c_first_line
		_i2c_second_line
		_lcd_set_cursor
		_digitalpot
 This function uses a non-reentrant model


 *************** function _i2c_Stop *****************
 Defined at:
		line 990 in file "Multi_RX_testjig_v1.c"
 Parameters:    Size  Location     Type
		None
 Auto vars:     Size  Location     Type
		None
 Return value:  Size  Location     Type
                  1    wreg      void 
 Registers used:
		None
 Tracked objects:
		On entry : 
		On exit  : 
		Unchanged: 
 Data sizes:     COMMON   BANK0   BANK1   BANK2   BANK3   BANK4   BANK5   BANK6   BANK7   BANK8   BANK9  BANK10  BANK11  BANK12  BANK13  BANK14  BANK15  BANK16  BANK17  BANK18
      Params:         0       0       0       0       0       0       0       0       0       0       0       0       0       0       0       0       0       0       0       0
      Locals:         0       0       0       0       0       0       0       0       0       0       0       0       0       0       0       0       0       0       0       0
      Temps:          0       0       0       0       0       0       0       0       0       0       0       0       0       0       0       0       0       0       0       0
      Totals:         0       0       0       0       0       0       0       0       0       0       0       0       0       0       0       0       0       0       0       0
Total ram usage:        0 bytes
 Hardware stack levels used:    1
 Hardware stack levels required when called:    1
 This function calls:
		Nothing
 This function is called by:
		_i2c_Write_string
		_i2c_write_char
		_init_i2c_lcd_5v
		_clear_lcd
		_i2c_first_line
		_i2c_second_line
		_lcd_set_cursor
		_digitalpot
 This function uses a non-reentrant model


 *************** function _i2c_Start *****************
 Defined at:
		line 974 in file "Multi_RX_testjig_v1.c"
 Parameters:    Size  Location     Type
		None
 Auto vars:     Size  Location     Type
		None
 Return value:  Size  Location     Type
                  1    wreg      void 
 Registers used:
		None
 Tracked objects:
		On entry : 
		On exit  : 
		Unchanged: 
 Data sizes:     COMMON   BANK0   BANK1   BANK2   BANK3   BANK4   BANK5   BANK6   BANK7   BANK8   BANK9  BANK10  BANK11  BANK12  BANK13  BANK14  BANK15  BANK16  BANK17  BANK18
      Params:         0       0       0       0       0       0       0       0       0       0       0       0       0       0       0       0       0       0       0       0
      Locals:         0       0       0       0       0       0       0       0       0       0       0       0       0       0       0       0       0       0       0       0
      Temps:          0       0       0       0       0       0       0       0       0       0       0       0       0       0       0       0       0       0       0       0
      Totals:         0       0       0       0       0       0       0       0       0       0       0       0       0       0       0       0       0       0       0       0
Total ram usage:        0 bytes
 Hardware stack levels used:    1
 Hardware stack levels required when called:    1
 This function calls:
		Nothing
 This function is called by:
		_i2c_Write_string
		_i2c_write_char
		_init_i2c_lcd_5v
		_clear_lcd
		_i2c_first_line
		_i2c_second_line
		_lcd_set_cursor
		_digitalpot
 This function uses a non-reentrant model


 *************** function _TX_one *****************
 Defined at:
		line 1995 in file "Multi_RX_testjig_v1.c"
 Parameters:    Size  Location     Type
  data            1    wreg     unsigned char 
 Auto vars:     Size  Location     Type
  data            1    1[COMMON] unsigned char 
  i               1    2[COMMON] unsigned char 
 Return value:  Size  Location     Type
                  1    wreg      void 
 Registers used:
		wreg, status,2, status,0
 Tracked objects:
		On entry : 
		On exit  : 
		Unchanged: 
 Data sizes:     COMMON   BANK0   BANK1   BANK2   BANK3   BANK4   BANK5   BANK6   BANK7   BANK8   BANK9  BANK10  BANK11  BANK12  BANK13  BANK14  BANK15  BANK16  BANK17  BANK18
      Params:         0       0       0       0       0       0       0       0       0       0       0       0       0       0       0       0       0       0       0       0
      Locals:         2       0       0       0       0       0       0       0       0       0       0       0       0       0       0       0       0       0       0       0
      Temps:          1       0       0       0       0       0       0       0       0       0       0       0       0       0       0       0       0       0       0       0
      Totals:         3       0       0       0       0       0       0       0       0       0       0       0       0       0       0       0       0       0       0       0
Total ram usage:        3 bytes
 Hardware stack levels used:    1
 Hardware stack levels required when called:    1
 This function calls:
		Nothing
 This function is called by:
		_main
 This function uses a non-reentrant model


 *************** function _RX_one *****************
 Defined at:
		line 2012 in file "Multi_RX_testjig_v1.c"
 Parameters:    Size  Location     Type
		None
 Auto vars:     Size  Location     Type
  data            1    2[COMMON] unsigned char 
  i               1    1[COMMON] unsigned char 
 Return value:  Size  Location     Type
                  1    wreg      unsigned char 
 Registers used:
		wreg, status,2, status,0
 Tracked objects:
		On entry : 
		On exit  : 
		Unchanged: 
 Data sizes:     COMMON   BANK0   BANK1   BANK2   BANK3   BANK4   BANK5   BANK6   BANK7   BANK8   BANK9  BANK10  BANK11  BANK12  BANK13  BANK14  BANK15  BANK16  BANK17  BANK18
      Params:         0       0       0       0       0       0       0       0       0       0       0       0       0       0       0       0       0       0       0       0
      Locals:         2       0       0       0       0       0       0       0       0       0       0       0       0       0       0       0       0       0       0       0
      Temps:          1       0       0       0       0       0       0       0       0       0       0       0       0       0       0       0       0       0       0       0
      Totals:         3       0       0       0       0       0       0       0       0       0       0       0       0       0       0       0       0       0       0       0
Total ram usage:        3 bytes
 Hardware stack levels used:    1
 Hardware stack levels required when called:    1
 This function calls:
		Nothing
 This function is called by:
		_main
 This function uses a non-reentrant model


 *************** function _isr *****************
 Defined at:
		line 308 in file "Multi_RX_testjig_v1.c"
 Parameters:    Size  Location     Type
		None
 Auto vars:     Size  Location     Type
		None
 Return value:  Size  Location     Type
                  1    wreg      void 
 Registers used:
		wreg, fsr0l, fsr0h, status,2, status,0
 Tracked objects:
		On entry : 
		On exit  : 
		Unchanged: 
 Data sizes:     COMMON   BANK0   BANK1   BANK2   BANK3   BANK4   BANK5   BANK6   BANK7   BANK8   BANK9  BANK10  BANK11  BANK12  BANK13  BANK14  BANK15  BANK16  BANK17  BANK18
      Params:         0       0       0       0       0       0       0       0       0       0       0       0       0       0       0       0       0       0       0       0
      Locals:         0       0       0       0       0       0       0       0       0       0       0       0       0       0       0       0       0       0       0       0
      Temps:          0       0       0       0       0       0       0       0       0       0       0       0       0       0       0       0       0       0       0       0
      Totals:         0       0       0       0       0       0       0       0       0       0       0       0       0       0       0       0       0       0       0       0
Total ram usage:        0 bytes
 Hardware stack levels used:    1
 This function calls:
		Nothing
 This function is called by:
		Interrupt level 1
 This function uses a non-reentrant model



MODULE INFORMATION

Module		Function		Class		Link	Load	Size
C:\Program Files (x86)\Microchip\xc8\v1.38\sources\common\float.c
		___ftpack      		CODE           	0475	0000	63

C:\Program Files (x86)\Microchip\xc8\v1.38\sources\common\float.c estimated size: 63

Multi_RX_testjig_v1.c
		_power_supply_set		CODE           	0FD8	0000	34
		_i2c_first_line		CODE           	0189	0000	18
		_i2c_Write     		CODE           	021A	0000	13
		_RX_one        		CODE           	0F3D	0000	33
		_TX_one        		CODE           	0F1B	0000	35
		_i2c_Stop      		CODE           	022B	0000	6
		_i2c_Write_string		CODE           	01C7	0000	28
		_init_current_sink		CODE           	0659	0000	22
		_main          		CODE           	080B	0000	1809
		_debug_fast_tx 		CODE           	05E5	0000	46
		_init_i2c_lcd_5v		CODE           	01E2	0000	57
		_lcd_set_cursor		CODE           	00DF	0000	25
		_digitalpot    		CODE           	01AF	0000	25
		_print_screen  		CODE           	0F5D	0000	23
		_init_ADC      		CODE           	0FF9	0000	8
		_get_30v_current		CODE           	0317	0000	65
		_isr           		CODE           	0004	0000	146
		_ADC_get_val   		CODE           	0FC6	0000	19
		_buzz_one      		CODE           	0612	0000	9
		_i2c_Start     		CODE           	0226	0000	6
		_ten_thou_conv 		CODE           	0230	0000	176
		_testjig_done  		CODE           	0520	0000	198
		_lcd_print_int 		CODE           	00F7	0000	117
		_clear_lcd     		CODE           	019A	0000	22
		_Vout_set      		CODE           	00A6	0000	58
		_print_error   		CODE           	0F73	0000	84
		_i2c_second_line		CODE           	0178	0000	18
		_i2c_write_char		CODE           	016B	0000	14
		_init_i2c      		CODE           	0642	0000	24

Multi_RX_testjig_v1.c estimated size: 3138

C:\Program Files (x86)\Microchip\xc8\v1.38\sources\common\Umul16.c
		___wmul        		CODE           	0302	0000	22

C:\Program Files (x86)\Microchip\xc8\v1.38\sources\common\Umul16.c estimated size: 22

C:\Program Files (x86)\Microchip\xc8\v1.38\sources\common\ftmul.c
		___ftmul       		CODE           	040B	0000	107

C:\Program Files (x86)\Microchip\xc8\v1.38\sources\common\ftmul.c estimated size: 107

C:\Program Files (x86)\Microchip\xc8\v1.38\sources\common\Umul8.c
		___bmul        		CODE           	02DF	0000	36

C:\Program Files (x86)\Microchip\xc8\v1.38\sources\common\Umul8.c estimated size: 36

C:\Program Files (x86)\Microchip\xc8\v1.38\sources\common\fttol.c
		___fttol       		CODE           	04C3	0000	94

C:\Program Files (x86)\Microchip\xc8\v1.38\sources\common\fttol.c estimated size: 94

shared
		__initialization		CODE           	0097	0000	12

shared estimated size: 12

C:\Program Files (x86)\Microchip\xc8\v1.38\sources\common\lwtoft.c
		___lwtoft      		CODE           	04B3	0000	17

C:\Program Files (x86)\Microchip\xc8\v1.38\sources\common\lwtoft.c estimated size: 17

C:\Program Files (x86)\Microchip\xc8\v1.38\sources\common\ftadd.c
		___ftadd       		CODE           	0357	0000	181

C:\Program Files (x86)\Microchip\xc8\v1.38\sources\common\ftadd.c estimated size: 181

