Microchip MPLAB XC8 Compiler V1.42 ()

Linker command line:

-W-3 --edf=C:\Program Files (x86)\Microchip\xc8\v1.42\dat\en_msgs.txt -cs \
  -h+dist/default/production\Multi_RX_testjig.X.production.sym \
  --cmf=dist/default/production\Multi_RX_testjig.X.production.cmf -z \
  -Q16F1527 -oC:\Users\Alex\AppData\Local\Temp\s8n4.2 \
  -Mdist/default/production/Multi_RX_testjig.X.production.map -E1 -ver=XC8 \
  -ASTACK=020A4h-025efh -pstack=STACK -ACODE=00h-07FFhx8 \
  -ASTRCODE=00h-03FFFh -ASTRING=00h-0FFhx64 -ACONST=00h-0FFhx64 \
  -AENTRY=00h-0FFhx64 -ACOMMON=070h-07Fh -ABANK0=020h-06Fh \
  -ABANK1=0A0h-0EFh -ABANK2=0120h-016Fh -ABANK3=01A0h-01EFh \
  -ABANK4=0220h-026Fh -ABANK5=02A0h-02EFh -ABANK6=0320h-036Fh \
  -ABANK7=03A0h-03EFh -ABANK8=0420h-046Fh -ABANK9=04A0h-04EFh \
  -ABANK10=0520h-056Fh -ABANK11=05A0h-05EFh -ABANK12=0620h-066Fh \
  -ABANK13=06A0h-06EFh -ABANK14=0720h-076Fh -ABANK15=07A0h-07EFh \
  -ABANK16=0820h-086Fh -ABANK17=08A0h-08EFh -ABANK18=0920h-096Fh \
  -ABIGRAM=02000h-025EFh \
  -ARAM=020h-06Fh,0A0h-0EFh,0120h-016Fh,01A0h-01EFh,0220h-026Fh,02A0h-02EFh,0320h-036Fh,03A0h-03EFh,0420h-046Fh,04A0h-04EFh,0520h-056Fh,05A0h-05EFh,0620h-066Fh,06A0h-06EFh,0720h-076Fh,07A0h-07EFh,0820h-086Fh,08A0h-08EFh,0920h-096Fh \
  -AABS1=020h-07Fh,0A0h-0EFh,0120h-016Fh,01A0h-01EFh,0220h-026Fh,02A0h-02EFh,0320h-036Fh,03A0h-03EFh,0420h-046Fh,04A0h-04EFh,0520h-056Fh,05A0h-05EFh,0620h-066Fh,06A0h-06EFh,0720h-076Fh,07A0h-07EFh,0820h-086Fh,08A0h-08EFh,0920h-096Fh \
  -ASFR0=00h-01Fh -ASFR1=080h-09Fh -ASFR2=0100h-011Fh -ASFR3=0180h-019Fh \
  -ASFR4=0200h-021Fh -ASFR5=0280h-029Fh -ASFR6=0300h-031Fh \
  -ASFR7=0380h-039Fh -ASFR8=0400h-041Fh -ASFR9=0480h-049Fh \
  -ASFR10=0500h-051Fh -ASFR11=0580h-059Fh -ASFR12=0600h-061Fh \
  -ASFR13=0680h-069Fh -ASFR14=0700h-071Fh -ASFR15=0780h-079Fh \
  -ASFR16=0800h-081Fh -ASFR17=0880h-089Fh -ASFR18=0900h-091Fh \
  -ASFR19=0980h-09EFh -ASFR20=0A00h-0A6Fh -ASFR21=0A80h-0AEFh \
  -ASFR22=0B00h-0B6Fh -ASFR23=0B80h-0BEFh -ASFR24=0C00h-0C6Fh \
  -ASFR25=0C80h-0CEFh -ASFR26=0D00h-0D6Fh -ASFR27=0D80h-0DEFh \
  -ASFR28=0E00h-0E6Fh -ASFR29=0E80h-0EEFh -ASFR30=0F00h-0F6Fh \
  -ASFR31=0F80h-0FEFh -preset_vec=00h,intentry=04h,init,end_init \
  -ppowerup=CODE -pcinit=CODE -pfunctab=CODE -ACONFIG=08007h-08008h \
  -pconfig=CONFIG -DCONFIG=2 -AIDLOC=08000h-08003h -pidloc=IDLOC -DIDLOC=2 \
  -DCODE=2 -DSTRCODE=2 -DSTRING=2 -DCONST=2 -DENTRY=2 -k \
  C:\Users\Alex\AppData\Local\Temp\s8n4.obj \
  dist/default/production\Multi_RX_testjig.X.production.obj 

Object code version is 3.11

Machine type is 16F1527



                Name                               Link     Load   Length Selector   Space Scale
C:\Users\Alex\AppData\Local\Temp\s8n4.obj
                end_init                             A4       A4        2        8       0
                reset_vec                             0        0        2        0       0
                config                             8007     8007        2    1000E       0
dist/default/production\Multi_RX_testjig.X.production.obj
                cinit                                A6       A6       2D        8       0
                intentry                              4        4       A0        8       0
                swtext1                             800      800        C     1000       0
                text35                              A33      A33       2C     1466       0
                text34                              A8B      A8B       36     1516       0
                text33                              A5F      A5F       2C     14BE       0
                text32                              88C      88C        5     1118       0
                text31                              891      891        5     1122       0
                text30                              8B1      8B1        D     1162       0
                text29                              9AB      9AB       1C     1356       0
                text28                              E47      E47       C3     1C8E       0
                text27                              8BE      8BE       11     117C       0
                text26                              C23      C23       64     1846       0
                text25                              F0A      F0A       F6     1E14       0
                text24                              D93      D93       B4     1B26       0
                text23                              D0C      D0C       87     1A18       0
                text22                              8F3      8F3       15     11E6       0
                text21                              B84      B84       49     1708       0
                text20                              8A2      8A2        7     1144       0
                text19                              908      908       15     1210       0
                text18                              95E      95E       18     12BC       0
                text17                              B3D      B3D       47     167A       0
                text16                              8E0      8E0       13     11C0       0
                text15                              9E9      9E9       25     13D2       0
                text14                              8CF      8CF       11     119E       0
                text13                              990      990       1B     1320       0
                text12                              6E5      6E5      11A        8       0
                text11                              C87      C87       85     190E       0
                text10                              8A9      8A9        8     1152       0
                text9                               AC1      AC1       3C     1582       0
                text8                               A0E      A0E       25     141C       0
                text7                               976      976       1A     12EC       0
                text6                               9C7      9C7       22     138E       0
                text5                               91D      91D       15     123A       0
                text4                               932      932       15     1264       0
                text3                               947      947       17     128E       0
                text2                               BCD      BCD       56     179A       0
                text1                               59A      59A      14B        8       0
                maintext                             D3       D3      4C7        8       0
                cstackBANK0                          20       20       35       20       1
                cstackCOMMON                         70       70        A       70       1
                cstackBANK2                         120      120        4      120       1
                clrtext                             896      896        6     112C       0
                inittext                            89C      89C        6     1138       0
                dataBANK1                            A0       A0       40       A0       1
                bssBANK1                             E0       E0        D       A0       1
                dataBANK0                            69       69        3       20       1
                bssBANK0                             55       55       14       20       1
                bssCOMMON                            7A       7A        2       70       1
                stringtext50                       1239     1239        3     2000       0
                stringtext49                       1235     1235        4     2000       0
                stringtext48                       1231     1231        4     2000       0
                stringtext47                       122D     122D        4     2000       0
                stringtext46                       1229     1229        4     2000       0
                stringtext45                       1225     1225        4     2000       0
                stringtext44                       1220     1220        5     2000       0
                stringtext43                       121A     121A        6     2000       0
                stringtext42                       1212     1212        8     2000       0
                stringtext41                       120A     120A        8     2000       0
                stringtext40                       1202     1202        8     2000       0
                stringtext39                       11F9     11F9        9     2000       0
                stringtext38                       11F0     11F0        9     2000       0
                stringtext37                       11E7     11E7        9     2000       0
                stringtext36                       11DE     11DE        9     2000       0
                stringtext35                       11D4     11D4        A     2000       0
                stringtext34                       11C9     11C9        B     2000       0
                stringtext33                       11BE     11BE        B     2000       0
                stringtext32                       11B2     11B2        C     2000       0
                stringtext31                       11A6     11A6        C     2000       0
                stringtext30                       119A     119A        C     2000       0
                stringtext29                       118E     118E        C     2000       0
                stringtext28                       1182     1182        C     2000       0
                stringtext27                       1176     1176        C     2000       0
                stringtext26                       1169     1169        D     2000       0
                stringtext25                       115C     115C        D     2000       0
                stringtext24                       114F     114F        D     2000       0
                stringtext23                       1142     1142        D     2000       0
                stringtext22                       1135     1135        D     2000       0
                stringtext21                       1128     1128        D     2000       0
                stringtext20                       111A     111A        E     2000       0
                stringtext19                       110C     110C        E     2000       0
                stringtext18                       10FE     10FE        E     2000       0
                stringtext17                       10F0     10F0        E     2000       0
                stringtext16                       10E2     10E2        E     2000       0
                stringtext15                       10D4     10D4        E     2000       0
                stringtext14                       10C5     10C5        F     2000       0
                stringtext13                       10B6     10B6        F     2000       0
                stringtext12                       10A7     10A7        F     2000       0
                stringtext11                       1098     1098        F     2000       0
                stringtext10                       1088     1088       10     2000       0
                stringtext9                        1078     1078       10     2000       0
                stringtext8                        1068     1068       10     2000       0
                stringtext7                        1057     1057       11     2000       0
                stringtext6                        1046     1046       11     2000       0
                stringtext5                        1035     1035       11     2000       0
                stringtext4                        1024     1024       11     2000       0
                stringtext3                        1013     1013       11     2000       0
                stringtext2                        1000     1000       13     2000       0
                nvBANK1                              ED       ED        2       A0       1
                nvBANK0                              6C       6C        1       20       1
                stringtext1                        123C     123C        2     2000       0
                idataBANK1                          AFD      AFD       40     15FA       0
                idataBANK0                          889      889        3     1112       0

TOTAL           Name                               Link     Load   Length     Space
        CLASS   STACK          

        CLASS   CODE           
                end_init                             A4       A4        2         0
                cinit                                A6       A6       2D         0
                intentry                              4        4       A0         0
                reset_vec                             0        0        2         0
                text35                              A33      A33       2C         0
                text34                              A8B      A8B       36         0
                text33                              A5F      A5F       2C         0
                text32                              88C      88C        5         0
                text31                              891      891        5         0
                text30                              8B1      8B1        D         0
                text29                              9AB      9AB       1C         0
                text28                              E47      E47       C3         0
                text27                              8BE      8BE       11         0
                text26                              C23      C23       64         0
                text25                              F0A      F0A       F6         0
                text24                              D93      D93       B4         0
                text23                              D0C      D0C       87         0
                text22                              8F3      8F3       15         0
                text21                              B84      B84       49         0
                text20                              8A2      8A2        7         0
                text19                              908      908       15         0
                text18                              95E      95E       18         0
                text17                              B3D      B3D       47         0
                text16                              8E0      8E0       13         0
                text15                              9E9      9E9       25         0
                text14                              8CF      8CF       11         0
                text13                              990      990       1B         0
                text12                              6E5      6E5      11A         0
                text11                              C87      C87       85         0
                text10                              8A9      8A9        8         0
                text9                               AC1      AC1       3C         0
                text8                               A0E      A0E       25         0
                text7                               976      976       1A         0
                text6                               9C7      9C7       22         0
                text5                               91D      91D       15         0
                text4                               932      932       15         0
                text3                               947      947       17         0
                text2                               BCD      BCD       56         0
                text1                               59A      59A      14B         0
                maintext                             D3       D3      4C7         0
                clrtext                             896      896        6         0
                inittext                            89C      89C        6         0
                idataBANK1                          AFD      AFD       40         0
                idataBANK0                          889      889        3         0

        CLASS   STRCODE        
                stringtext50                       1239     1239        3         0
                stringtext49                       1235     1235        4         0
                stringtext48                       1231     1231        4         0
                stringtext47                       122D     122D        4         0
                stringtext46                       1229     1229        4         0
                stringtext45                       1225     1225        4         0
                stringtext44                       1220     1220        5         0
                stringtext43                       121A     121A        6         0
                stringtext42                       1212     1212        8         0
                stringtext41                       120A     120A        8         0
                stringtext40                       1202     1202        8         0
                stringtext39                       11F9     11F9        9         0
                stringtext38                       11F0     11F0        9         0
                stringtext37                       11E7     11E7        9         0
                stringtext36                       11DE     11DE        9         0
                stringtext35                       11D4     11D4        A         0
                stringtext34                       11C9     11C9        B         0
                stringtext33                       11BE     11BE        B         0
                stringtext32                       11B2     11B2        C         0
                stringtext31                       11A6     11A6        C         0
                stringtext30                       119A     119A        C         0
                stringtext29                       118E     118E        C         0
                stringtext28                       1182     1182        C         0
                stringtext27                       1176     1176        C         0
                stringtext26                       1169     1169        D         0
                stringtext25                       115C     115C        D         0
                stringtext24                       114F     114F        D         0
                stringtext23                       1142     1142        D         0
                stringtext22                       1135     1135        D         0
                stringtext21                       1128     1128        D         0
                stringtext20                       111A     111A        E         0
                stringtext19                       110C     110C        E         0
                stringtext18                       10FE     10FE        E         0
                stringtext17                       10F0     10F0        E         0
                stringtext16                       10E2     10E2        E         0
                stringtext15                       10D4     10D4        E         0
                stringtext14                       10C5     10C5        F         0
                stringtext13                       10B6     10B6        F         0
                stringtext12                       10A7     10A7        F         0
                stringtext11                       1098     1098        F         0
                stringtext10                       1088     1088       10         0
                stringtext9                        1078     1078       10         0
                stringtext8                        1068     1068       10         0
                stringtext7                        1057     1057       11         0
                stringtext6                        1046     1046       11         0
                stringtext5                        1035     1035       11         0
                stringtext4                        1024     1024       11         0
                stringtext3                        1013     1013       11         0
                stringtext2                        1000     1000       13         0
                stringtext1                        123C     123C        2         0

        CLASS   STRING         

        CLASS   CONST          
                swtext1                             800      800        C         0

        CLASS   ENTRY          

        CLASS   COMMON         
                cstackCOMMON                         70       70        A         1
                bssCOMMON                            7A       7A        2         1

        CLASS   BANK0          
                cstackBANK0                          20       20       35         1
                dataBANK0                            69       69        3         1
                bssBANK0                             55       55       14         1
                nvBANK0                              6C       6C        1         1

        CLASS   BANK1          
                dataBANK1                            A0       A0       40         1
                bssBANK1                             E0       E0        D         1
                nvBANK1                              ED       ED        2         1

        CLASS   BANK2          
                cstackBANK2                         120      120        4         1

        CLASS   BANK3          

        CLASS   BANK4          

        CLASS   BANK5          

        CLASS   BANK6          

        CLASS   BANK7          

        CLASS   BANK8          

        CLASS   BANK9          

        CLASS   BANK10         

        CLASS   BANK11         

        CLASS   BANK12         

        CLASS   BANK13         

        CLASS   BANK14         

        CLASS   BANK15         

        CLASS   BANK16         

        CLASS   BANK17         

        CLASS   BANK18         

        CLASS   BIGRAM         

        CLASS   RAM            

        CLASS   ABS1           
                abs_s1                               7E       7E        2         1

        CLASS   SFR0           

        CLASS   SFR1           

        CLASS   SFR2           

        CLASS   SFR3           

        CLASS   SFR4           

        CLASS   SFR5           

        CLASS   SFR6           

        CLASS   SFR7           

        CLASS   SFR8           

        CLASS   SFR9           

        CLASS   SFR10          

        CLASS   SFR11          

        CLASS   SFR12          

        CLASS   SFR13          

        CLASS   SFR14          

        CLASS   SFR15          

        CLASS   SFR16          

        CLASS   SFR17          

        CLASS   SFR18          

        CLASS   SFR19          

        CLASS   SFR20          

        CLASS   SFR21          

        CLASS   SFR22          

        CLASS   SFR23          

        CLASS   SFR24          

        CLASS   SFR25          

        CLASS   SFR26          

        CLASS   SFR27          

        CLASS   SFR28          

        CLASS   SFR29          

        CLASS   SFR30          

        CLASS   SFR31          

        CLASS   CONFIG         
                config                             8007     8007        2         0

        CLASS   IDLOC          

        CLASS   BANK31         

        CLASS   BANK30         

        CLASS   BANK29         

        CLASS   BANK28         

        CLASS   BANK27         

        CLASS   BANK26         

        CLASS   BANK25         

        CLASS   BANK24         

        CLASS   BANK23         

        CLASS   BANK22         

        CLASS   BANK21         

        CLASS   BANK20         

        CLASS   BANK19         

        CLASS   EEDATA         



SEGMENTS        Name                           Load    Length   Top    Selector   Space  Class     Delta

                reset_vec                      000000  000002  000002         0       0  CODE        2
                intentry                       000004  0007FB  0007FF         8       0  CODE        2
                cstackBANK0                    000020  00004D  00006D        20       1  BANK0       1
                cstackCOMMON                   000070  00000C  00007C        70       1  COMMON      1
                dataBANK1                      0000A0  00004F  0000EF        A0       1  BANK1       1
                cstackBANK2                    000120  000004  000124       120       1  BANK2       1
                swtext1                        000800  00000C  00080C      1000       0  CONST       2
                idataBANK0                     000889  000003  00088C      1112       0  CODE        2
                text32                         00088C  000005  000891      1118       0  CODE        2
                text31                         000891  000005  000896      1122       0  CODE        2
                clrtext                        000896  000006  00089C      112C       0  CODE        2
                inittext                       00089C  000006  0008A2      1138       0  CODE        2
                text20                         0008A2  000007  0008A9      1144       0  CODE        2
                text10                         0008A9  000008  0008B1      1152       0  CODE        2
                text30                         0008B1  00000D  0008BE      1162       0  CODE        2
                text27                         0008BE  000011  0008CF      117C       0  CODE        2
                text14                         0008CF  000011  0008E0      119E       0  CODE        2
                text16                         0008E0  000013  0008F3      11C0       0  CODE        2
                text22                         0008F3  000015  000908      11E6       0  CODE        2
                text19                         000908  000015  00091D      1210       0  CODE        2
                text5                          00091D  000015  000932      123A       0  CODE        2
                text4                          000932  000015  000947      1264       0  CODE        2
                text3                          000947  000017  00095E      128E       0  CODE        2
                text18                         00095E  000018  000976      12BC       0  CODE        2
                text7                          000976  00001A  000990      12EC       0  CODE        2
                text13                         000990  00001B  0009AB      1320       0  CODE        2
                text29                         0009AB  00001C  0009C7      1356       0  CODE        2
                text6                          0009C7  000022  0009E9      138E       0  CODE        2
                text15                         0009E9  000025  000A0E      13D2       0  CODE        2
                text8                          000A0E  000025  000A33      141C       0  CODE        2
                text35                         000A33  00002C  000A5F      1466       0  CODE        2
                text33                         000A5F  00002C  000A8B      14BE       0  CODE        2
                text34                         000A8B  000036  000AC1      1516       0  CODE        2
                text9                          000AC1  00003C  000AFD      1582       0  CODE        2
                idataBANK1                     000AFD  000040  000B3D      15FA       0  CODE        2
                text17                         000B3D  000047  000B84      167A       0  CODE        2
                text21                         000B84  000049  000BCD      1708       0  CODE        2
                text2                          000BCD  000056  000C23      179A       0  CODE        2
                text26                         000C23  000064  000C87      1846       0  CODE        2
                text11                         000C87  000085  000D0C      190E       0  CODE        2
                text23                         000D0C  000087  000D93      1A18       0  CODE        2
                text24                         000D93  0000B4  000E47      1B26       0  CODE        2
                text28                         000E47  0000C3  000F0A      1C8E       0  CODE        2
                text25                         000F0A  0000F6  001000      1E14       0  CODE        2
                stringtext2                    001000  00023E  00123E      2000       0  STRCODE     2
                config                         008007  000002  008009     1000E       0  CONFIG      2


UNUSED ADDRESS RANGES

        Name                Unused          Largest block    Delta
        BANK0            0006D-0006F               3           1
        BANK1            000EF-000EF               1           1
        BANK10           00520-0056F              50           1
        BANK11           005A0-005EF              50           1
        BANK12           00620-0066F              50           1
        BANK13           006A0-006EF              50           1
        BANK14           00720-0076F              50           1
        BANK15           007A0-007EF              50           1
        BANK16           00820-0086F              50           1
        BANK17           008A0-008EF              50           1
        BANK18           00920-0096F              50           1
        BANK2            00124-0016F              4C           1
        BANK3            001A0-001EF              50           1
        BANK4            00220-0026F              50           1
        BANK5            002A0-002EF              50           1
        BANK6            00320-0036F              50           1
        BANK7            003A0-003EF              50           1
        BANK8            00420-0046F              50           1
        BANK9            004A0-004EF              50           1
        BIGRAM           02000-025EF             5F0           1
        CODE             00002-00003               2           2
                         007FF-007FF               1
                         0080C-00888              7D
                         0123E-03FFF             800
        COMMON           0007C-0007D               2           1
        CONST            00002-00003               2           2
                         007FF-007FF               1
                         0080C-00888              7D
                         0123E-03FFF             100
        ENTRY            00002-00003               2           2
                         007FF-007FF               1
                         0080C-00888              7D
                         0123E-03FFF             100
        IDLOC            08000-08003               4           2
        RAM              0006D-0006F               3           1
                         000EF-000EF               1
                         00124-0016F              4C
                         001A0-001EF              50
                         00220-0026F              50
                         002A0-002EF              50
                         00320-0036F              50
                         003A0-003EF              50
                         00420-0046F              50
                         004A0-004EF              50
                         00520-0056F              50
                         005A0-005EF              50
                         00620-0066F              50
                         006A0-006EF              50
                         00720-0076F              50
                         007A0-007EF              50
                         00820-0086F              50
                         008A0-008EF              50
                         00920-0096F              50
        SFR0             00000-0001F              20           1
        SFR1             00080-0009F              20           1
        SFR10            00500-0051F              20           1
        SFR11            00580-0059F              20           1
        SFR12            00600-0061F              20           1
        SFR13            00680-0069F              20           1
        SFR14            00700-0071F              20           1
        SFR15            00780-0079F              20           1
        SFR16            00800-0081F              20           1
        SFR17            00880-0089F              20           1
        SFR18            00900-0091F              20           1
        SFR19            00980-009EF              70           1
        SFR2             00100-0011F              20           1
        SFR20            00A00-00A6F              70           1
        SFR21            00A80-00AEF              70           1
        SFR22            00B00-00B6F              70           1
        SFR23            00B80-00BEF              70           1
        SFR24            00C00-00C6F              70           1
        SFR25            00C80-00CEF              70           1
        SFR26            00D00-00D6F              70           1
        SFR27            00D80-00DEF              70           1
        SFR28            00E00-00E6F              70           1
        SFR29            00E80-00EEF              70           1
        SFR3             00180-0019F              20           1
        SFR30            00F00-00F6F              70           1
        SFR31            00F80-00FEF              70           1
        SFR4             00200-0021F              20           1
        SFR5             00280-0029F              20           1
        SFR6             00300-0031F              20           1
        SFR7             00380-0039F              20           1
        SFR8             00400-0041F              20           1
        SFR9             00480-0049F              20           1
        STACK            020A4-025EF             54C           1
        STRCODE          00002-00003               2           2
                         007FF-007FF               1
                         0080C-00888              7D
                         0123E-03FFF            2DC2
        STRING           00002-00003               2           2
                         007FF-007FF               1
                         0080C-00888              7D
                         0123E-03FFF             100

                                  Symbol Table

?_ADC_get_val                   cstackCOMMON 00072
?___ftadd                       cstackBANK0  00034
?___ftmul                       cstackBANK0  00024
?___ftpack                      cstackCOMMON 00072
?___fttol                       cstackBANK0  00041
?___lwtoft                      cstackBANK0  00020
?___wmul                        cstackCOMMON 00072
?_get_30v_current               cstackBANK0  0004F
ADC_get_val@channel             cstackCOMMON 00075
ADC_get_val@return_val          cstackCOMMON 00076
RX_one@data                     cstackCOMMON 00074
RX_one@i                        cstackCOMMON 00073
RX_one_timeout@data             cstackCOMMON 00074
RX_one_timeout@i                cstackCOMMON 00073
TX_one@data                     cstackCOMMON 00073
TX_one@i                        cstackCOMMON 00074
Vout_set@Volts                  cstackCOMMON 00075
Vout_set@digi_step              cstackBANK0  00020
_ADCON0                         (abs)        0009D
_ADCON0bits                     (abs)        0009D
_ADCON1                         (abs)        0009E
_ADC_cur_sink_val               bssBANK1     000EB
_ADC_get_val                    text27       008BE
_ADC_val                        bssBANK0     00062
_ADRESH                         (abs)        0009C
_ADRESL                         (abs)        0009B
_ANSELA                         (abs)        0018C
_ANSELB                         (abs)        0018D
_ANSELD                         (abs)        0018F
_ANSELE                         (abs)        00190
_ANSELF                         (abs)        0040C
_ANSELG                         (abs)        0040D
_CCP9CON                        (abs)        0061C
_CCPR9L                         (abs)        0061A
_CCPTMRS2                       (abs)        0029F
_FVRCON                         (abs)        00117
_GIE                            (abs)        0005F
_INTCONbits                     (abs)        0000B
_LATA6                          (abs)        00866
_LATA7                          (abs)        00867
_LATB5                          (abs)        0086D
_LATC2                          (abs)        00872
_LATC5                          (abs)        00875
_LATC6                          (abs)        00876
_LATC7                          (abs)        00877
_LATD2                          (abs)        0087A
_LATD4                          (abs)        0087C
_LATD5                          (abs)        0087D
_LATD6                          (abs)        0087E
_LATF4                          (abs)        01C64
_LATG0                          (abs)        01C68
_OPTION_REG                     (abs)        00095
_OSCCON                         (abs)        00099
_PCONbits                       (abs)        00096
_PIE1bits                       (abs)        00091
_PIR1bits                       (abs)        00011
_PORTA                          (abs)        0000C
_PORTB                          (abs)        0000D
_PORTC                          (abs)        0000E
_PORTD                          (abs)        0000F
_PORTE                          (abs)        00010
_PORTF                          (abs)        0028C
_PORTG                          (abs)        0028D
_PR2                            (abs)        0001B
_PR8                            (abs)        00596
_RA2                            (abs)        00062
_RA4                            (abs)        00064
_RA5                            (abs)        00065
_RC2IF                          (abs)        000A5
_RC2REG                         (abs)        00491
_RC2STAbits                     (abs)        00495
_RE0                            (abs)        00080
_RE4                            (abs)        00084
_RE5                            (abs)        00085
_RE6                            (abs)        00086
_RF3                            (abs)        01463
_RG3                            (abs)        0146B
_RX_one                         text35       00A33
_RX_one_timeout                 text34       00A8B
_SSP1ADD                        (abs)        00212
_SSP1BUF                        (abs)        00211
_SSP1CON1                       (abs)        00215
_SSP1CON2                       (abs)        00216
_SSP1CON2bits                   (abs)        00216
_SSP1STAT                       (abs)        00214
_SSP1STATbits                   (abs)        00214
_T2CON                          (abs)        0001C
_T8CON                          (abs)        00597
_TMR0                           (abs)        00015
_TMR0IE                         (abs)        0005D
_TMR0IF                         (abs)        0005A
_TRISA                          (abs)        0008C
_TRISB                          (abs)        0008D
_TRISC                          (abs)        0008E
_TRISC3                         (abs)        00473
_TRISC4                         (abs)        00474
_TRISD                          (abs)        0008F
_TRISE                          (abs)        00090
_TRISF                          (abs)        0030C
_TRISG                          (abs)        0030D
_TRISG0                         (abs)        01868
_TX2REG                         (abs)        00492
_TX2STAbits                     (abs)        00496
_TX_one                         text33       00A5F
_Vout_set                       text28       00E47
_WPUB                           (abs)        0020D
_WPUD                           (abs)        0020F
_WPUE                           (abs)        00210
__CFG_BOREN$ON                  (abs)        00000
__CFG_BORV$HI                   (abs)        00000
__CFG_CLKOUTEN$OFF              (abs)        00000
__CFG_CP$ON                     (abs)        00000
__CFG_FCMEN$OFF                 (abs)        00000
__CFG_FOSC$INTOSC               (abs)        00000
__CFG_IESO$OFF                  (abs)        00000
__CFG_LPBOR$OFF                 (abs)        00000
__CFG_LVP$OFF                   (abs)        00000
__CFG_MCLRE$ON                  (abs)        00000
__CFG_PWRTE$ON                  (abs)        00000
__CFG_STVREN$ON                 (abs)        00000
__CFG_WDTE$SWDTEN               (abs)        00000
__CFG_WRT$OFF                   (abs)        00000
__Habs1                         abs1         00000
__Hbank0                        bank0        00000
__Hbank1                        bank1        00000
__Hbank10                       bank10       00000
__Hbank11                       bank11       00000
__Hbank12                       bank12       00000
__Hbank13                       bank13       00000
__Hbank14                       bank14       00000
__Hbank15                       bank15       00000
__Hbank16                       bank16       00000
__Hbank17                       bank17       00000
__Hbank18                       bank18       00000
__Hbank19                       bank19       00000
__Hbank2                        bank2        00000
__Hbank20                       bank20       00000
__Hbank21                       bank21       00000
__Hbank22                       bank22       00000
__Hbank23                       bank23       00000
__Hbank24                       bank24       00000
__Hbank25                       bank25       00000
__Hbank26                       bank26       00000
__Hbank27                       bank27       00000
__Hbank28                       bank28       00000
__Hbank29                       bank29       00000
__Hbank3                        bank3        00000
__Hbank30                       bank30       00000
__Hbank31                       bank31       00000
__Hbank4                        bank4        00000
__Hbank5                        bank5        00000
__Hbank6                        bank6        00000
__Hbank7                        bank7        00000
__Hbank8                        bank8        00000
__Hbank9                        bank9        00000
__Hbigram                       bigram       00000
__HbssBANK0                     bssBANK0     00000
__HbssBANK1                     bssBANK1     00000
__HbssCOMMON                    bssCOMMON    00000
__Hcinit                        cinit        000D3
__Hclrtext                      clrtext      00000
__Hcode                         code         00000
__Hcommon                       common       00000
__Hconfig                       config       08009
__HcstackBANK0                  cstackBANK0  00000
__HcstackBANK2                  cstackBANK2  00000
__HcstackCOMMON                 cstackCOMMON 00000
__HdataBANK0                    dataBANK0    00000
__HdataBANK1                    dataBANK1    00000
__Heeprom_data                  eeprom_data  00000
__Hend_init                     end_init     000A6
__Hfunctab                      functab      00000
__HidataBANK0                   idataBANK0   00000
__HidataBANK1                   idataBANK1   00000
__Hidloc                        idloc        00000
__Hinit                         init         000A4
__Hinittext                     inittext     00000
__Hintentry                     intentry     000A4
__Hmaintext                     maintext     00000
__HnvBANK0                      nvBANK0      00000
__HnvBANK1                      nvBANK1      00000
__Hpowerup                      powerup      00000
__Hram                          ram          00000
__Hreset_vec                    reset_vec    00002
__Hsfr0                         sfr0         00000
__Hsfr1                         sfr1         00000
__Hsfr10                        sfr10        00000
__Hsfr11                        sfr11        00000
__Hsfr12                        sfr12        00000
__Hsfr13                        sfr13        00000
__Hsfr14                        sfr14        00000
__Hsfr15                        sfr15        00000
__Hsfr16                        sfr16        00000
__Hsfr17                        sfr17        00000
__Hsfr18                        sfr18        00000
__Hsfr19                        sfr19        00000
__Hsfr2                         sfr2         00000
__Hsfr20                        sfr20        00000
__Hsfr21                        sfr21        00000
__Hsfr22                        sfr22        00000
__Hsfr23                        sfr23        00000
__Hsfr24                        sfr24        00000
__Hsfr25                        sfr25        00000
__Hsfr26                        sfr26        00000
__Hsfr27                        sfr27        00000
__Hsfr28                        sfr28        00000
__Hsfr29                        sfr29        00000
__Hsfr3                         sfr3         00000
__Hsfr30                        sfr30        00000
__Hsfr31                        sfr31        00000
__Hsfr4                         sfr4         00000
__Hsfr5                         sfr5         00000
__Hsfr6                         sfr6         00000
__Hsfr7                         sfr7         00000
__Hsfr8                         sfr8         00000
__Hsfr9                         sfr9         00000
__Hspace_0                      (abs)        08009
__Hspace_1                      (abs)        00124
__Hspace_2                      (abs)        00000
__Hspace_3                      (abs)        00000
__Hstack                        stack        00000
__Hstrings                      strings      00000
__Hstringtext1                  stringtext1  00000
__Hstringtext10                 stringtext10 00000
__Hstringtext11                 stringtext11 00000
__Hstringtext12                 stringtext12 00000
__Hstringtext13                 stringtext13 00000
__Hstringtext14                 stringtext14 00000
__Hstringtext15                 stringtext15 00000
__Hstringtext16                 stringtext16 00000
__Hstringtext17                 stringtext17 00000
__Hstringtext18                 stringtext18 00000
__Hstringtext19                 stringtext19 00000
__Hstringtext2                  stringtext2  00000
__Hstringtext20                 stringtext20 00000
__Hstringtext21                 stringtext21 00000
__Hstringtext22                 stringtext22 00000
__Hstringtext23                 stringtext23 00000
__Hstringtext24                 stringtext24 00000
__Hstringtext25                 stringtext25 00000
__Hstringtext26                 stringtext26 00000
__Hstringtext27                 stringtext27 00000
__Hstringtext28                 stringtext28 00000
__Hstringtext29                 stringtext29 00000
__Hstringtext3                  stringtext3  00000
__Hstringtext30                 stringtext30 00000
__Hstringtext31                 stringtext31 00000
__Hstringtext32                 stringtext32 00000
__Hstringtext33                 stringtext33 00000
__Hstringtext34                 stringtext34 00000
__Hstringtext35                 stringtext35 00000
__Hstringtext36                 stringtext36 00000
__Hstringtext37                 stringtext37 00000
__Hstringtext38                 stringtext38 00000
__Hstringtext39                 stringtext39 00000
__Hstringtext4                  stringtext4  00000
__Hstringtext40                 stringtext40 00000
__Hstringtext41                 stringtext41 00000
__Hstringtext42                 stringtext42 00000
__Hstringtext43                 stringtext43 00000
__Hstringtext44                 stringtext44 00000
__Hstringtext45                 stringtext45 00000
__Hstringtext46                 stringtext46 00000
__Hstringtext47                 stringtext47 00000
__Hstringtext48                 stringtext48 00000
__Hstringtext49                 stringtext49 00000
__Hstringtext5                  stringtext5  00000
__Hstringtext50                 stringtext50 00000
__Hstringtext51                 stringtext51 00000
__Hstringtext6                  stringtext6  00000
__Hstringtext7                  stringtext7  00000
__Hstringtext8                  stringtext8  00000
__Hstringtext9                  stringtext9  00000
__Htext                         text         00000
__Labs1                         abs1         00000
__Lbank0                        bank0        00000
__Lbank1                        bank1        00000
__Lbank10                       bank10       00000
__Lbank11                       bank11       00000
__Lbank12                       bank12       00000
__Lbank13                       bank13       00000
__Lbank14                       bank14       00000
__Lbank15                       bank15       00000
__Lbank16                       bank16       00000
__Lbank17                       bank17       00000
__Lbank18                       bank18       00000
__Lbank19                       bank19       00000
__Lbank2                        bank2        00000
__Lbank20                       bank20       00000
__Lbank21                       bank21       00000
__Lbank22                       bank22       00000
__Lbank23                       bank23       00000
__Lbank24                       bank24       00000
__Lbank25                       bank25       00000
__Lbank26                       bank26       00000
__Lbank27                       bank27       00000
__Lbank28                       bank28       00000
__Lbank29                       bank29       00000
__Lbank3                        bank3        00000
__Lbank30                       bank30       00000
__Lbank31                       bank31       00000
__Lbank4                        bank4        00000
__Lbank5                        bank5        00000
__Lbank6                        bank6        00000
__Lbank7                        bank7        00000
__Lbank8                        bank8        00000
__Lbank9                        bank9        00000
__Lbigram                       bigram       00000
__LbssBANK0                     bssBANK0     00000
__LbssBANK1                     bssBANK1     00000
__LbssCOMMON                    bssCOMMON    00000
__Lcinit                        cinit        000A6
__Lclrtext                      clrtext      00000
__Lcode                         code         00000
__Lcommon                       common       00000
__Lconfig                       config       08007
__LcstackBANK0                  cstackBANK0  00000
__LcstackBANK2                  cstackBANK2  00000
__LcstackCOMMON                 cstackCOMMON 00000
__LdataBANK0                    dataBANK0    00000
__LdataBANK1                    dataBANK1    00000
__Leeprom_data                  eeprom_data  00000
__Lend_init                     end_init     000A4
__Lfunctab                      functab      00000
__LidataBANK0                   idataBANK0   00000
__LidataBANK1                   idataBANK1   00000
__Lidloc                        idloc        00000
__Linit                         init         000A4
__Linittext                     inittext     00000
__Lintentry                     intentry     00004
__Lmaintext                     maintext     00000
__LnvBANK0                      nvBANK0      00000
__LnvBANK1                      nvBANK1      00000
__Lpowerup                      powerup      00000
__Lram                          ram          00000
__Lreset_vec                    reset_vec    00000
__Lsfr0                         sfr0         00000
__Lsfr1                         sfr1         00000
__Lsfr10                        sfr10        00000
__Lsfr11                        sfr11        00000
__Lsfr12                        sfr12        00000
__Lsfr13                        sfr13        00000
__Lsfr14                        sfr14        00000
__Lsfr15                        sfr15        00000
__Lsfr16                        sfr16        00000
__Lsfr17                        sfr17        00000
__Lsfr18                        sfr18        00000
__Lsfr19                        sfr19        00000
__Lsfr2                         sfr2         00000
__Lsfr20                        sfr20        00000
__Lsfr21                        sfr21        00000
__Lsfr22                        sfr22        00000
__Lsfr23                        sfr23        00000
__Lsfr24                        sfr24        00000
__Lsfr25                        sfr25        00000
__Lsfr26                        sfr26        00000
__Lsfr27                        sfr27        00000
__Lsfr28                        sfr28        00000
__Lsfr29                        sfr29        00000
__Lsfr3                         sfr3         00000
__Lsfr30                        sfr30        00000
__Lsfr31                        sfr31        00000
__Lsfr4                         sfr4         00000
__Lsfr5                         sfr5         00000
__Lsfr6                         sfr6         00000
__Lsfr7                         sfr7         00000
__Lsfr8                         sfr8         00000
__Lsfr9                         sfr9         00000
__Lspace_0                      (abs)        00000
__Lspace_1                      (abs)        00000
__Lspace_2                      (abs)        00000
__Lspace_3                      (abs)        00000
__Lstack                        stack        00000
__Lstrings                      strings      00000
__Lstringtext1                  stringtext1  00000
__Lstringtext10                 stringtext10 00000
__Lstringtext11                 stringtext11 00000
__Lstringtext12                 stringtext12 00000
__Lstringtext13                 stringtext13 00000
__Lstringtext14                 stringtext14 00000
__Lstringtext15                 stringtext15 00000
__Lstringtext16                 stringtext16 00000
__Lstringtext17                 stringtext17 00000
__Lstringtext18                 stringtext18 00000
__Lstringtext19                 stringtext19 00000
__Lstringtext2                  stringtext2  00000
__Lstringtext20                 stringtext20 00000
__Lstringtext21                 stringtext21 00000
__Lstringtext22                 stringtext22 00000
__Lstringtext23                 stringtext23 00000
__Lstringtext24                 stringtext24 00000
__Lstringtext25                 stringtext25 00000
__Lstringtext26                 stringtext26 00000
__Lstringtext27                 stringtext27 00000
__Lstringtext28                 stringtext28 00000
__Lstringtext29                 stringtext29 00000
__Lstringtext3                  stringtext3  00000
__Lstringtext30                 stringtext30 00000
__Lstringtext31                 stringtext31 00000
__Lstringtext32                 stringtext32 00000
__Lstringtext33                 stringtext33 00000
__Lstringtext34                 stringtext34 00000
__Lstringtext35                 stringtext35 00000
__Lstringtext36                 stringtext36 00000
__Lstringtext37                 stringtext37 00000
__Lstringtext38                 stringtext38 00000
__Lstringtext39                 stringtext39 00000
__Lstringtext4                  stringtext4  00000
__Lstringtext40                 stringtext40 00000
__Lstringtext41                 stringtext41 00000
__Lstringtext42                 stringtext42 00000
__Lstringtext43                 stringtext43 00000
__Lstringtext44                 stringtext44 00000
__Lstringtext45                 stringtext45 00000
__Lstringtext46                 stringtext46 00000
__Lstringtext47                 stringtext47 00000
__Lstringtext48                 stringtext48 00000
__Lstringtext49                 stringtext49 00000
__Lstringtext5                  stringtext5  00000
__Lstringtext50                 stringtext50 00000
__Lstringtext51                 stringtext51 00000
__Lstringtext6                  stringtext6  00000
__Lstringtext7                  stringtext7  00000
__Lstringtext8                  stringtext8  00000
__Lstringtext9                  stringtext9  00000
__Ltext                         text         00000
__S0                            (abs)        08009
__S1                            (abs)        00124
__S2                            (abs)        00000
___bmul                         text14       008CF
___bmul@multiplicand            cstackCOMMON 00072
___bmul@multiplier              cstackCOMMON 00075
___bmul@product                 cstackCOMMON 00074
___ftadd                        text25       00F0A
___ftadd@exp1                   cstackBANK0  00040
___ftadd@exp2                   cstackBANK0  0003F
___ftadd@f1                     cstackBANK0  00034
___ftadd@f2                     cstackBANK0  00037
___ftadd@sign                   cstackBANK0  0003E
___ftmul                        text24       00D93
___ftmul@cntr                   cstackBANK0  00032
___ftmul@exp                    cstackBANK0  0002E
___ftmul@f1                     cstackBANK0  00024
___ftmul@f2                     cstackBANK0  00027
___ftmul@f3_as_product          cstackBANK0  0002F
___ftmul@sign                   cstackBANK0  00033
___ftpack                       text26       00C23
___ftpack@arg                   cstackCOMMON 00072
___ftpack@exp                   cstackCOMMON 00075
___ftpack@sign                  cstackCOMMON 00076
___fttol                        text23       00D0C
___fttol@exp1                   cstackBANK0  0004E
___fttol@f1                     cstackBANK0  00041
___fttol@lval                   cstackBANK0  0004A
___fttol@sign1                  cstackBANK0  00049
___int_sp                       stack        00000
___latbits                      (abs)        00003
___lwtoft                       text22       008F3
___lwtoft@c                     cstackBANK0  00020
___sp                           stack        00000
___wmul                         text13       00990
___wmul@multiplicand            cstackCOMMON 00074
___wmul@multiplier              cstackCOMMON 00072
___wmul@product                 cstackCOMMON 00076
__end_of_ADC_get_val            text27       008CF
__end_of_RX_one                 text35       00A5F
__end_of_RX_one_timeout         text34       00AC1
__end_of_TX_one                 text33       00A8B
__end_of_Vout_set               text28       00F0A
__end_of___bmul                 text14       008E0
__end_of___ftadd                text25       01000
__end_of___ftmul                text24       00E47
__end_of___ftpack               text26       00C87
__end_of___fttol                text23       00D93
__end_of___lwtoft               text22       00908
__end_of___wmul                 text13       009AB
__end_of__initialization        cinit        000CF
__end_of_buzz_one               text10       008B1
__end_of_clear_lcd              text7        00990
__end_of_debug_fast_tx          text9        00AFD
__end_of_digitalpot             text29       009C7
__end_of_get_30v_current        text21       00BCD
__end_of_i2c_Start              text32       00891
__end_of_i2c_Stop               text31       00896
__end_of_i2c_Write              text30       008BE
__end_of_i2c_Write_string       text6        009E9
__end_of_i2c_first_line         text5        00932
__end_of_i2c_second_line        text4        00947
__end_of_i2c_write_char         text16       008F3
__end_of_init_ADC               text20       008A9
__end_of_init_current_sink      text19       0091D
__end_of_init_i2c               text18       00976
__end_of_init_i2c_lcd_5v        text17       00B84
__end_of_isr                    intentry     000A4
__end_of_lcd_print_int          text11       00D0C
__end_of_lcd_set_cursor         text15       00A0E
__end_of_main                   maintext     0059A
__end_of_popup_delay            stringtext1  0123E
__end_of_power_supply_set       text8        00A33
__end_of_print_error            text2        00C23
__end_of_print_screen           text3        0095E
__end_of_ten_thou_conv          text12       007FF
__end_of_testjig_done           text1        006E5
__initialization                cinit        000A6
__pbssBANK0                     bssBANK0     00055
__pbssBANK1                     bssBANK1     000E0
__pbssCOMMON                    bssCOMMON    0007A
__pcstackBANK0                  cstackBANK0  00020
__pcstackBANK2                  cstackBANK2  00120
__pcstackCOMMON                 cstackCOMMON 00070
__pdataBANK0                    dataBANK0    00069
__pdataBANK1                    dataBANK1    000A0
__pidataBANK0                   idataBANK0   00889
__pidataBANK1                   idataBANK1   00AFD
__pintentry                     intentry     00004
__pmaintext                     maintext     000D3
__pnvBANK0                      nvBANK0      0006C
__pnvBANK1                      nvBANK1      000ED
__pstringtext1                  stringtext1  0123C
__pstringtext10                 stringtext10 01088
__pstringtext11                 stringtext11 01098
__pstringtext12                 stringtext12 010A7
__pstringtext13                 stringtext13 010B6
__pstringtext14                 stringtext14 010C5
__pstringtext15                 stringtext15 010D4
__pstringtext16                 stringtext16 010E2
__pstringtext17                 stringtext17 010F0
__pstringtext18                 stringtext18 010FE
__pstringtext19                 stringtext19 0110C
__pstringtext2                  stringtext2  01000
__pstringtext20                 stringtext20 0111A
__pstringtext21                 stringtext21 01128
__pstringtext22                 stringtext22 01135
__pstringtext23                 stringtext23 01142
__pstringtext24                 stringtext24 0114F
__pstringtext25                 stringtext25 0115C
__pstringtext26                 stringtext26 01169
__pstringtext27                 stringtext27 01176
__pstringtext28                 stringtext28 01182
__pstringtext29                 stringtext29 0118E
__pstringtext3                  stringtext3  01013
__pstringtext30                 stringtext30 0119A
__pstringtext31                 stringtext31 011A6
__pstringtext32                 stringtext32 011B2
__pstringtext33                 stringtext33 011BE
__pstringtext34                 stringtext34 011C9
__pstringtext35                 stringtext35 011D4
__pstringtext36                 stringtext36 011DE
__pstringtext37                 stringtext37 011E7
__pstringtext38                 stringtext38 011F0
__pstringtext39                 stringtext39 011F9
__pstringtext4                  stringtext4  01024
__pstringtext40                 stringtext40 01202
__pstringtext41                 stringtext41 0120A
__pstringtext42                 stringtext42 01212
__pstringtext43                 stringtext43 0121A
__pstringtext44                 stringtext44 01220
__pstringtext45                 stringtext45 01225
__pstringtext46                 stringtext46 01229
__pstringtext47                 stringtext47 0122D
__pstringtext48                 stringtext48 01231
__pstringtext49                 stringtext49 01235
__pstringtext5                  stringtext5  01035
__pstringtext50                 stringtext50 01239
__pstringtext51                 stringtext51 00000
__pstringtext6                  stringtext6  01046
__pstringtext7                  stringtext7  01057
__pstringtext8                  stringtext8  01068
__pstringtext9                  stringtext9  01078
__pswtext1                      swtext1      00800
__ptext1                        text1        0059A
__ptext10                       text10       008A9
__ptext11                       text11       00C87
__ptext12                       text12       006E5
__ptext13                       text13       00990
__ptext14                       text14       008CF
__ptext15                       text15       009E9
__ptext16                       text16       008E0
__ptext17                       text17       00B3D
__ptext18                       text18       0095E
__ptext19                       text19       00908
__ptext2                        text2        00BCD
__ptext20                       text20       008A2
__ptext21                       text21       00B84
__ptext22                       text22       008F3
__ptext23                       text23       00D0C
__ptext24                       text24       00D93
__ptext25                       text25       00F0A
__ptext26                       text26       00C23
__ptext27                       text27       008BE
__ptext28                       text28       00E47
__ptext29                       text29       009AB
__ptext3                        text3        00947
__ptext30                       text30       008B1
__ptext31                       text31       00891
__ptext32                       text32       0088C
__ptext33                       text33       00A5F
__ptext34                       text34       00A8B
__ptext35                       text35       00A33
__ptext4                        text4        00932
__ptext5                        text5        0091D
__ptext6                        text6        009C7
__ptext7                        text7        00976
__ptext8                        text8        00A0E
__ptext9                        text9        00AC1
__size_of_ADC_get_val           (abs)        00000
__size_of_RX_one                (abs)        00000
__size_of_RX_one_timeout        (abs)        00000
__size_of_TX_one                (abs)        00000
__size_of_Vout_set              (abs)        00000
__size_of___bmul                (abs)        00000
__size_of___ftadd               (abs)        00000
__size_of___ftmul               (abs)        00000
__size_of___ftpack              (abs)        00000
__size_of___fttol               (abs)        00000
__size_of___lwtoft              (abs)        00000
__size_of___wmul                (abs)        00000
__size_of_buzz_one              (abs)        00000
__size_of_clear_lcd             (abs)        00000
__size_of_debug_fast_tx         (abs)        00000
__size_of_digitalpot            (abs)        00000
__size_of_get_30v_current       (abs)        00000
__size_of_i2c_Start             (abs)        00000
__size_of_i2c_Stop              (abs)        00000
__size_of_i2c_Write             (abs)        00000
__size_of_i2c_Write_string      (abs)        00000
__size_of_i2c_first_line        (abs)        00000
__size_of_i2c_second_line       (abs)        00000
__size_of_i2c_write_char        (abs)        00000
__size_of_init_ADC              (abs)        00000
__size_of_init_current_sink     (abs)        00000
__size_of_init_i2c              (abs)        00000
__size_of_init_i2c_lcd_5v       (abs)        00000
__size_of_isr                   (abs)        00000
__size_of_lcd_print_int         (abs)        00000
__size_of_lcd_set_cursor        (abs)        00000
__size_of_main                  (abs)        00000
__size_of_power_supply_set      (abs)        00000
__size_of_print_error           (abs)        00000
__size_of_print_screen          (abs)        00000
__size_of_ten_thou_conv         (abs)        00000
__size_of_testjig_done          (abs)        00000
_buzz_one                       text10       008A9
_buzz_timer                     nvBANK1      000ED
_clear_lcd                      text7        00976
_curent_sink_val                bssBANK1     000E9
_current_sink_stable            bssBANK1     000E7
_current_sink_timer             bssBANK0     00059
_debug_fast_tx                  text9        00AC1
_digitalpot                     text29       009AB
_get_30v_current                text21       00B84
_hund                           bssBANK0     00068
_i2c_Start                      text32       0088C
_i2c_Stop                       text31       00891
_i2c_Write                      text30       008B1
_i2c_Write_string               text6        009C7
_i2c_first_line                 text5        0091D
_i2c_second_line                text4        00932
_i2c_write_char                 text16       008E0
_init_ADC                       text20       008A2
_init_current_sink              text19       00908
_init_i2c                       text18       0095E
_init_i2c_lcd_5v                text17       00B3D
_isr                            intentry     00004
_lcd_print_int                  text11       00C87
_lcd_set_cursor                 text15       009E9
_main                           maintext     000D3
_motor_direction_timer          bssBANK0     0005D
_one_second_timer               dataBANK0    00069
_pickit_red_counter             bssBANK0     00061
_pickit_state                   nvBANK0      0006C
_pickit_timer                   bssBANK0     0005B
_power_supply_set               text8        00A0E
_print_error                    text2        00BCD
_print_screen                   text3        00947
_ten                            bssBANK0     00067
_ten_thou                       bssCOMMON    0007A
_ten_thou_conv                  text12       006E5
_testjig_done                   text1        0059A
_testjig_timer                  bssBANK0     00057
_thou                           bssCOMMON    0007B
_tj_timer                       bssBANK0     00055
_uart_buff_work_recieve         bssBANK1     000E0
_uart_receive_timer             bssBANK0     0005F
_unit                           bssBANK0     00066
btemp                           (abs)        0007E
buzz_one@time                   cstackCOMMON 00072
clear_ram0                      clrtext      00896
debug_fast_tx@data              cstackCOMMON 00072
debug_fast_tx@i                 cstackCOMMON 00076
digitalpot@value                cstackCOMMON 00074
end_of_initialization           cinit        000CF
get_30v_current@temp            cstackBANK0  00051
i2c_Write@data                  cstackCOMMON 00072
i2c_Write_string@data           cstackCOMMON 00073
i2c_write_char@char_data        cstackCOMMON 00073
init_i2c_lcd_5v@contrast        cstackCOMMON 00075
init_i2c_lcd_5v@single1_double2 cstackCOMMON 00073
init_ram                        inittext     0089C
int$flags                       (abs)        0007E
intlevel0                       functab      00000
intlevel1                       functab      00000
intlevel2                       functab      00000
intlevel3                       functab      00000
intlevel4                       functab      00000
intlevel5                       functab      00000
lcd_bar_create@F3806            dataBANK1    000D8
lcd_bar_create@F3808            dataBANK1    000D0
lcd_bar_create@F3810            dataBANK1    000C8
lcd_bar_create@F3812            dataBANK1    000C0
lcd_bar_create@F3814            dataBANK1    000B8
lcd_bar_create@F3816            dataBANK1    000B0
lcd_bar_create@F3818            dataBANK1    000A8
lcd_bar_create@F3820            dataBANK1    000A0
lcd_print_int@decimal           cstackBANK0  0002A
lcd_print_int@number            cstackBANK0  00026
lcd_print_int@pos               cstackBANK0  00028
lcd_print_int@ten_thou_digit    cstackBANK0  0002B
lcd_set_cursor@LCD_position     cstackCOMMON 00076
lcd_set_cursor@col              cstackCOMMON 00073
lcd_set_cursor@row              cstackCOMMON 00075
main@RX_data                    cstackBANK2  00123
main@device_type                cstackBANK2  00122
main@i                          cstackBANK2  00120
power_supply_set@supply         cstackCOMMON 00072
print_error@bottom              cstackBANK0  00022
print_error@top                 cstackBANK0  00020
print_screen@bottom             cstackCOMMON 00078
print_screen@top                cstackCOMMON 00076
reset_vec                       reset_vec    00000
stackhi                         (abs)        025EF
stacklo                         (abs)        020A4
start                           init         000A4
start_initialization            cinit        000A6
ten_thou_conv@n                 cstackCOMMON 00078
testjig_done@device_type        cstackBANK0  00020
testjig_done@state              cstackBANK0  00023
wtemp0                          (abs)        0007E


FUNCTION INFORMATION:

 *************** function _main *****************
 Defined at:
		line 469 in file "Multi_RX_testjig_v1.c"
 Parameters:    Size  Location     Type
		None
 Auto vars:     Size  Location     Type
  i               2    0[BANK2 ] unsigned int 
  RX_data         1    3[BANK2 ] unsigned char 
  device_type     1    2[BANK2 ] unsigned char 
 Return value:  Size  Location     Type
                  1    wreg      void 
 Registers used:
		wreg, fsr0l, fsr0h, status,2, status,0, pclath, cstack
 Tracked objects:
		On entry : 
		On exit  : 
		Unchanged: 
 Data sizes:     COMMON   BANK0   BANK1   BANK2   BANK3   BANK4   BANK5   BANK6   BANK7   BANK8   BANK9  BANK10  BANK11  BANK12  BANK13  BANK14  BANK15  BANK16  BANK17  BANK18
      Params:         0       0       0       0       0       0       0       0       0       0       0       0       0       0       0       0       0       0       0       0
      Locals:         0       0       0       4       0       0       0       0       0       0       0       0       0       0       0       0       0       0       0       0
      Temps:          0       2       0       0       0       0       0       0       0       0       0       0       0       0       0       0       0       0       0       0
      Totals:         0       2       0       4       0       0       0       0       0       0       0       0       0       0       0       0       0       0       0       0
Total ram usage:        6 bytes
 Hardware stack levels required when called:    5
 This function calls:
		_ADC_get_val
		_RX_one
		_RX_one_timeout
		_TX_one
		_Vout_set
		_buzz_one
		_debug_fast_tx
		_get_30v_current
		_init_ADC
		_init_current_sink
		_init_i2c
		_init_i2c_lcd_5v
		_lcd_print_int
		_power_supply_set
		_print_error
		_print_screen
		_testjig_done
 This function is called by:
		Startup code after reset
 This function uses a non-reentrant model


 *************** function _testjig_done *****************
 Defined at:
		line 742 in file "Multi_RX_testjig_v1.c"
 Parameters:    Size  Location     Type
  state           1    wreg     unsigned char 
  device_type     1    0[BANK0 ] unsigned char 
 Auto vars:     Size  Location     Type
  state           1    3[BANK0 ] unsigned char 
 Return value:  Size  Location     Type
                  1    wreg      void 
 Registers used:
		wreg, fsr0l, fsr0h, status,2, status,0, pclath, cstack
 Tracked objects:
		On entry : 
		On exit  : 
		Unchanged: 
 Data sizes:     COMMON   BANK0   BANK1   BANK2   BANK3   BANK4   BANK5   BANK6   BANK7   BANK8   BANK9  BANK10  BANK11  BANK12  BANK13  BANK14  BANK15  BANK16  BANK17  BANK18
      Params:         0       1       0       0       0       0       0       0       0       0       0       0       0       0       0       0       0       0       0       0
      Locals:         0       1       0       0       0       0       0       0       0       0       0       0       0       0       0       0       0       0       0       0
      Temps:          0       2       0       0       0       0       0       0       0       0       0       0       0       0       0       0       0       0       0       0
      Totals:         0       4       0       0       0       0       0       0       0       0       0       0       0       0       0       0       0       0       0       0
Total ram usage:        4 bytes
 Hardware stack levels used:    1
 Hardware stack levels required when called:    4
 This function calls:
		_buzz_one
		_debug_fast_tx
		_power_supply_set
		_print_screen
 This function is called by:
		_main
 This function uses a non-reentrant model


 *************** function _print_error *****************
 Defined at:
		line 1285 in file "Multi_RX_testjig_v1.c"
 Parameters:    Size  Location     Type
  top             2    0[BANK0 ] PTR const unsigned char 
		 -> STR_71(12), STR_69(8), STR_67(8), STR_59(13), 
		 -> STR_57(13), STR_55(12), STR_53(12), STR_47(12), 
		 -> STR_45(12), STR_43(12), STR_41(12), STR_39(12), 
		 -> STR_35(12), STR_25(14), STR_23(11), STR_21(15), 
		 -> STR_19(15), STR_17(14), STR_15(14), STR_13(14), 
		 -> STR_11(11), STR_9(14), STR_7(14), STR_3(9), 
  bottom          2    2[BANK0 ] PTR const unsigned char 
		 -> STR_72(4), STR_70(15), STR_68(17), STR_60(13), 
		 -> STR_58(14), STR_56(4), STR_54(4), STR_48(13), 
		 -> STR_46(16), STR_44(14), STR_42(4), STR_40(4), 
		 -> STR_36(3), STR_26(12), STR_24(11), STR_22(13), 
		 -> STR_20(13), STR_18(13), STR_16(13), STR_14(12), 
		 -> STR_12(11), STR_10(13), STR_8(13), STR_4(14), 
 Auto vars:     Size  Location     Type
		None
 Return value:  Size  Location     Type
                  1    wreg      void 
 Registers used:
		wreg, fsr0l, fsr0h, status,2, status,0, pclath, cstack
 Tracked objects:
		On entry : 
		On exit  : 
		Unchanged: 
 Data sizes:     COMMON   BANK0   BANK1   BANK2   BANK3   BANK4   BANK5   BANK6   BANK7   BANK8   BANK9  BANK10  BANK11  BANK12  BANK13  BANK14  BANK15  BANK16  BANK17  BANK18
      Params:         0       4       0       0       0       0       0       0       0       0       0       0       0       0       0       0       0       0       0       0
      Locals:         0       0       0       0       0       0       0       0       0       0       0       0       0       0       0       0       0       0       0       0
      Temps:          0       2       0       0       0       0       0       0       0       0       0       0       0       0       0       0       0       0       0       0
      Totals:         0       6       0       0       0       0       0       0       0       0       0       0       0       0       0       0       0       0       0       0
Total ram usage:        6 bytes
 Hardware stack levels used:    1
 Hardware stack levels required when called:    4
 This function calls:
		_buzz_one
		_clear_lcd
		_debug_fast_tx
		_i2c_Write_string
		_i2c_first_line
		_i2c_second_line
		_power_supply_set
		_print_screen
 This function is called by:
		_main
 This function uses a non-reentrant model


 *************** function _print_screen *****************
 Defined at:
		line 1308 in file "Multi_RX_testjig_v1.c"
 Parameters:    Size  Location     Type
  top             2    6[COMMON] PTR const unsigned char 
		 -> STR_107(12), STR_105(17), STR_103(16), STR_101(12), 
		 -> STR_99(15), STR_97(17), STR_95(16), STR_93(12), 
		 -> STR_91(15), STR_89(17), STR_87(9), STR_85(16), 
		 -> STR_83(5), STR_81(8), STR_79(14), STR_77(16), 
		 -> STR_75(9), STR_73(12), STR_65(8), STR_63(8), 
		 -> STR_61(8), STR_51(8), STR_49(8), STR_37(8), 
		 -> STR_33(13), STR_31(19), STR_29(12), STR_27(19), 
		 -> STR_5(15), STR_1(9), 
  bottom          2    8[COMMON] PTR const unsigned char 
		 -> STR_108(17), STR_106(13), STR_104(13), STR_102(13), 
		 -> STR_100(13), STR_98(14), STR_96(14), STR_94(14), 
		 -> STR_92(14), STR_90(8), STR_88(8), STR_86(9), 
		 -> STR_84(9), STR_82(9), STR_80(14), STR_78(14), 
		 -> STR_76(14), STR_74(14), STR_66(16), STR_64(7), 
		 -> STR_62(10), STR_52(5), STR_50(9), STR_38(4), 
		 -> STR_34(6), STR_32(9), STR_30(13), STR_28(1), 
		 -> STR_6(1), STR_2(17), 
 Auto vars:     Size  Location     Type
		None
 Return value:  Size  Location     Type
                  1    wreg      void 
 Registers used:
		wreg, fsr0l, fsr0h, status,2, status,0, pclath, cstack
 Tracked objects:
		On entry : 
		On exit  : 
		Unchanged: 
 Data sizes:     COMMON   BANK0   BANK1   BANK2   BANK3   BANK4   BANK5   BANK6   BANK7   BANK8   BANK9  BANK10  BANK11  BANK12  BANK13  BANK14  BANK15  BANK16  BANK17  BANK18
[...]
      Totals:         8       0       0       0       0       0       0       0       0       0       0       0       0       0       0       0       0       0       0       0
Total ram usage:        8 bytes
 Hardware stack levels used:    1
 Hardware stack levels required when called:    1
 This function calls:
		Nothing
 This function is called by:
		___ftadd
		___ftmul
		___lwtoft
 This function uses a non-reentrant model


 *************** function _ADC_get_val *****************
 Defined at:
		line 1663 in file "Multi_RX_testjig_v1.c"
 Parameters:    Size  Location     Type
  channel         1    wreg     unsigned char 
 Auto vars:     Size  Location     Type
  channel         1    5[COMMON] unsigned char 
  return_val      2    6[COMMON] unsigned int 
 Return value:  Size  Location     Type
                  2    2[COMMON] unsigned int 
 Registers used:
		wreg
 Tracked objects:
		On entry : 
		On exit  : 
		Unchanged: 
 Data sizes:     COMMON   BANK0   BANK1   BANK2   BANK3   BANK4   BANK5   BANK6   BANK7   BANK8   BANK9  BANK10  BANK11  BANK12  BANK13  BANK14  BANK15  BANK16  BANK17  BANK18
      Params:         3       0       0       0       0       0       0       0       0       0       0       0       0       0       0       0       0       0       0       0
      Locals:         3       0       0       0       0       0       0       0       0       0       0       0       0       0       0       0       0       0       0       0
      Temps:          0       0       0       0       0       0       0       0       0       0       0       0       0       0       0       0       0       0       0       0
      Totals:         6       0       0       0       0       0       0       0       0       0       0       0       0       0       0       0       0       0       0       0
Total ram usage:        6 bytes
 Hardware stack levels used:    1
 Hardware stack levels required when called:    1
 This function calls:
		Nothing
 This function is called by:
		_main
		_get_30v_current
 This function uses a non-reentrant model


 *************** function _Vout_set *****************
 Defined at:
		line 1724 in file "Multi_RX_testjig_v1.c"
 Parameters:    Size  Location     Type
  Volts           2    5[COMMON] int 
 Auto vars:     Size  Location     Type
  digi_step       4    0[BANK0 ] unsigned long 
 Return value:  Size  Location     Type
                  1    wreg      void 
 Registers used:
		wreg, fsr0l, fsr0h, status,2, status,0, pclath, cstack
 Tracked objects:
		On entry : 
		On exit  : 
		Unchanged: 
 Data sizes:     COMMON   BANK0   BANK1   BANK2   BANK3   BANK4   BANK5   BANK6   BANK7   BANK8   BANK9  BANK10  BANK11  BANK12  BANK13  BANK14  BANK15  BANK16  BANK17  BANK18
      Params:         2       0       0       0       0       0       0       0       0       0       0       0       0       0       0       0       0       0       0       0
      Locals:         0       4       0       0       0       0       0       0       0       0       0       0       0       0       0       0       0       0       0       0
      Temps:          0       0       0       0       0       0       0       0       0       0       0       0       0       0       0       0       0       0       0       0
      Totals:         2       4       0       0       0       0       0       0       0       0       0       0       0       0       0       0       0       0       0       0
Total ram usage:        6 bytes
 Hardware stack levels used:    1
 Hardware stack levels required when called:    3
 This function calls:
		_digitalpot
 This function is called by:
		_main
 This function uses a non-reentrant model


 *************** function _digitalpot *****************
 Defined at:
		line 1791 in file "Multi_RX_testjig_v1.c"
 Parameters:    Size  Location     Type
  value           1    wreg     unsigned char 
 Auto vars:     Size  Location     Type
  value           1    4[COMMON] unsigned char 
 Return value:  Size  Location     Type
                  1    wreg      void 
 Registers used:
		wreg, status,2, status,0, pclath, cstack
 Tracked objects:
		On entry : 
		On exit  : 
		Unchanged: 
 Data sizes:     COMMON   BANK0   BANK1   BANK2   BANK3   BANK4   BANK5   BANK6   BANK7   BANK8   BANK9  BANK10  BANK11  BANK12  BANK13  BANK14  BANK15  BANK16  BANK17  BANK18
      Params:         0       0       0       0       0       0       0       0       0       0       0       0       0       0       0       0       0       0       0       0
      Locals:         1       0       0       0       0       0       0       0       0       0       0       0       0       0       0       0       0       0       0       0
      Temps:          1       0       0       0       0       0       0       0       0       0       0       0       0       0       0       0       0       0       0       0
      Totals:         2       0       0       0       0       0       0       0       0       0       0       0       0       0       0       0       0       0       0       0
Total ram usage:        2 bytes
 Hardware stack levels used:    1
 Hardware stack levels required when called:    2
 This function calls:
		_i2c_Start
		_i2c_Stop
		_i2c_Write
 This function is called by:
		_Vout_set
 This function uses a non-reentrant model


 *************** function _i2c_Write *****************
 Defined at:
		line 831 in file "Multi_RX_testjig_v1.c"
 Parameters:    Size  Location     Type
  data            1    wreg     unsigned char 
 Auto vars:     Size  Location     Type
  data            1    2[COMMON] unsigned char 
 Return value:  Size  Location     Type
                  1    wreg      void 
 Registers used:
		wreg, status,2
 Tracked objects:
		On entry : 
		On exit  : 
		Unchanged: 
 Data sizes:     COMMON   BANK0   BANK1   BANK2   BANK3   BANK4   BANK5   BANK6   BANK7   BANK8   BANK9  BANK10  BANK11  BANK12  BANK13  BANK14  BANK15  BANK16  BANK17  BANK18
      Params:         0       0       0       0       0       0       0       0       0       0       0       0       0       0       0       0       0       0       0       0
      Locals:         1       0       0       0       0       0       0       0       0       0       0       0       0       0       0       0       0       0       0       0
      Temps:          0       0       0       0       0       0       0       0       0       0       0       0       0       0       0       0       0       0       0       0
      Totals:         1       0       0       0       0       0       0       0       0       0       0       0       0       0       0       0       0       0       0       0
Total ram usage:        1 bytes
 Hardware stack levels used:    1
 Hardware stack levels required when called:    1
 This function calls:
		Nothing
 This function is called by:
		_i2c_Write_string
		_i2c_write_char
		_init_i2c_lcd_5v
		_clear_lcd
		_i2c_first_line
		_i2c_second_line
		_lcd_set_cursor
		_digitalpot
		_lcd_blink_cursor
		_contrast_set
		_print_second_line
		_lcd_createChar
 This function uses a non-reentrant model


 *************** function _i2c_Stop *****************
 Defined at:
		line 838 in file "Multi_RX_testjig_v1.c"
 Parameters:    Size  Location     Type
		None
 Auto vars:     Size  Location     Type
		None
 Return value:  Size  Location     Type
                  1    wreg      void 
 Registers used:
		None
 Tracked objects:
		On entry : 
		On exit  : 
		Unchanged: 
 Data sizes:     COMMON   BANK0   BANK1   BANK2   BANK3   BANK4   BANK5   BANK6   BANK7   BANK8   BANK9  BANK10  BANK11  BANK12  BANK13  BANK14  BANK15  BANK16  BANK17  BANK18
      Params:         0       0       0       0       0       0       0       0       0       0       0       0       0       0       0       0       0       0       0       0
      Locals:         0       0       0       0       0       0       0       0       0       0       0       0       0       0       0       0       0       0       0       0
      Temps:          0       0       0       0       0       0       0       0       0       0       0       0       0       0       0       0       0       0       0       0
      Totals:         0       0       0       0       0       0       0       0       0       0       0       0       0       0       0       0       0       0       0       0
Total ram usage:        0 bytes
 Hardware stack levels used:    1
 Hardware stack levels required when called:    1
 This function calls:
		Nothing
 This function is called by:
		_i2c_Write_string
		_i2c_write_char
		_init_i2c_lcd_5v
		_clear_lcd
		_i2c_first_line
		_i2c_second_line
		_lcd_set_cursor
		_digitalpot
		_lcd_blink_cursor
		_contrast_set
		_print_second_line
		_lcd_createChar
 This function uses a non-reentrant model


 *************** function _i2c_Start *****************
 Defined at:
		line 822 in file "Multi_RX_testjig_v1.c"
 Parameters:    Size  Location     Type
		None
 Auto vars:     Size  Location     Type
		None
 Return value:  Size  Location     Type
                  1    wreg      void 
 Registers used:
		None
 Tracked objects:
		On entry : 
		On exit  : 
		Unchanged: 
 Data sizes:     COMMON   BANK0   BANK1   BANK2   BANK3   BANK4   BANK5   BANK6   BANK7   BANK8   BANK9  BANK10  BANK11  BANK12  BANK13  BANK14  BANK15  BANK16  BANK17  BANK18
      Params:         0       0       0       0       0       0       0       0       0       0       0       0       0       0       0       0       0       0       0       0
      Locals:         0       0       0       0       0       0       0       0       0       0       0       0       0       0       0       0       0       0       0       0
      Temps:          0       0       0       0       0       0       0       0       0       0       0       0       0       0       0       0       0       0       0       0
      Totals:         0       0       0       0       0       0       0       0       0       0       0       0       0       0       0       0       0       0       0       0
Total ram usage:        0 bytes
 Hardware stack levels used:    1
 Hardware stack levels required when called:    1
 This function calls:
		Nothing
 This function is called by:
		_i2c_Write_string
		_i2c_write_char
		_init_i2c_lcd_5v
		_clear_lcd
		_i2c_first_line
		_i2c_second_line
		_lcd_set_cursor
		_digitalpot
		_lcd_blink_cursor
		_contrast_set
		_print_second_line
		_lcd_createChar
 This function uses a non-reentrant model


 *************** function _TX_one *****************
 Defined at:
		line 1843 in file "Multi_RX_testjig_v1.c"
 Parameters:    Size  Location     Type
  data            1    wreg     unsigned char 
 Auto vars:     Size  Location     Type
  data            1    3[COMMON] unsigned char 
  i               1    4[COMMON] unsigned char 
 Return value:  Size  Location     Type
                  1    wreg      void 
 Registers used:
		wreg, status,2, status,0
 Tracked objects:
		On entry : 
		On exit  : 
		Unchanged: 
 Data sizes:     COMMON   BANK0   BANK1   BANK2   BANK3   BANK4   BANK5   BANK6   BANK7   BANK8   BANK9  BANK10  BANK11  BANK12  BANK13  BANK14  BANK15  BANK16  BANK17  BANK18
      Params:         0       0       0       0       0       0       0       0       0       0       0       0       0       0       0       0       0       0       0       0
      Locals:         2       0       0       0       0       0       0       0       0       0       0       0       0       0       0       0       0       0       0       0
      Temps:          1       0       0       0       0       0       0       0       0       0       0       0       0       0       0       0       0       0       0       0
      Totals:         3       0       0       0       0       0       0       0       0       0       0       0       0       0       0       0       0       0       0       0
Total ram usage:        3 bytes
 Hardware stack levels used:    1
 Hardware stack levels required when called:    1
 This function calls:
		Nothing
 This function is called by:
		_main
 This function uses a non-reentrant model


 *************** function _RX_one_timeout *****************
 Defined at:
		line 1882 in file "Multi_RX_testjig_v1.c"
 Parameters:    Size  Location     Type
		None
 Auto vars:     Size  Location     Type
  data            1    4[COMMON] unsigned char 
  i               1    3[COMMON] unsigned char 
 Return value:  Size  Location     Type
                  1    wreg      unsigned char 
 Registers used:
		wreg, status,2, status,0
 Tracked objects:
		On entry : 
		On exit  : 
		Unchanged: 
 Data sizes:     COMMON   BANK0   BANK1   BANK2   BANK3   BANK4   BANK5   BANK6   BANK7   BANK8   BANK9  BANK10  BANK11  BANK12  BANK13  BANK14  BANK15  BANK16  BANK17  BANK18
      Params:         0       0       0       0       0       0       0       0       0       0       0       0       0       0       0       0       0       0       0       0
      Locals:         2       0       0       0       0       0       0       0       0       0       0       0       0       0       0       0       0       0       0       0
      Temps:          1       0       0       0       0       0       0       0       0       0       0       0       0       0       0       0       0       0       0       0
      Totals:         3       0       0       0       0       0       0       0       0       0       0       0       0       0       0       0       0       0       0       0
Total ram usage:        3 bytes
 Hardware stack levels used:    1
 Hardware stack levels required when called:    1
 This function calls:
		Nothing
 This function is called by:
		_main
 This function uses a non-reentrant model


 *************** function _RX_one *****************
 Defined at:
		line 1860 in file "Multi_RX_testjig_v1.c"
 Parameters:    Size  Location     Type
		None
 Auto vars:     Size  Location     Type
  data            1    4[COMMON] unsigned char 
  i               1    3[COMMON] unsigned char 
 Return value:  Size  Location     Type
                  1    wreg      unsigned char 
 Registers used:
		wreg, status,2, status,0
 Tracked objects:
		On entry : 
		On exit  : 
		Unchanged: 
 Data sizes:     COMMON   BANK0   BANK1   BANK2   BANK3   BANK4   BANK5   BANK6   BANK7   BANK8   BANK9  BANK10  BANK11  BANK12  BANK13  BANK14  BANK15  BANK16  BANK17  BANK18
      Params:         0       0       0       0       0       0       0       0       0       0       0       0       0       0       0       0       0       0       0       0
      Locals:         2       0       0       0       0       0       0       0       0       0       0       0       0       0       0       0       0       0       0       0
      Temps:          1       0       0       0       0       0       0       0       0       0       0       0       0       0       0       0       0       0       0       0
      Totals:         3       0       0       0       0       0       0       0       0       0       0       0       0       0       0       0       0       0       0       0
Total ram usage:        3 bytes
 Hardware stack levels used:    1
 Hardware stack levels required when called:    1
 This function calls:
		Nothing
 This function is called by:
		_main
 This function uses a non-reentrant model


 *************** function _isr *****************
 Defined at:
		line 322 in file "Multi_RX_testjig_v1.c"
 Parameters:    Size  Location     Type
		None
 Auto vars:     Size  Location     Type
		None
 Return value:  Size  Location     Type
                  1    wreg      void 
 Registers used:
		wreg, fsr0l, fsr0h, status,2, status,0
 Tracked objects:
		On entry : 
		On exit  : 
		Unchanged: 
 Data sizes:     COMMON   BANK0   BANK1   BANK2   BANK3   BANK4   BANK5   BANK6   BANK7   BANK8   BANK9  BANK10  BANK11  BANK12  BANK13  BANK14  BANK15  BANK16  BANK17  BANK18
      Params:         0       0       0       0       0       0       0       0       0       0       0       0       0       0       0       0       0       0       0       0
      Locals:         0       0       0       0       0       0       0       0       0       0       0       0       0       0       0       0       0       0       0       0
      Temps:          2       0       0       0       0       0       0       0       0       0       0       0       0       0       0       0       0       0       0       0
      Totals:         2       0       0       0       0       0       0       0       0       0       0       0       0       0       0       0       0       0       0       0
Total ram usage:        2 bytes
 Hardware stack levels used:    1
 This function calls:
		Nothing
 This function is called by:
		Interrupt level 1
 This function uses a non-reentrant model



MODULE INFORMATION

Module		Function		Class		Link	Load	Size
C:\Program Files (x86)\Microchip\xc8\v1.42\sources\common\ftmul.c
		___ftmul       		CODE           	0D93	0000	181

C:\Program Files (x86)\Microchip\xc8\v1.42\sources\common\ftmul.c estimated size: 181

Multi_RX_testjig_v1.c
		_power_supply_set		CODE           	0A0E	0000	38
		_i2c_first_line		CODE           	091D	0000	22
		_i2c_Write     		CODE           	08B1	0000	14
		_RX_one        		CODE           	0A33	0000	45
		_TX_one        		CODE           	0A5F	0000	45
		_i2c_Stop      		CODE           	0891	0000	6
		_i2c_Write_string		CODE           	09C7	0000	35
		_init_current_sink		CODE           	0908	0000	22
		_main          		CODE           	00D3	0000	1224
		_debug_fast_tx 		CODE           	0AC1	0000	61
		_init_i2c_lcd_5v		CODE           	0B3D	0000	72
		_lcd_set_cursor		CODE           	09E9	0000	38
		_digitalpot    		CODE           	09AB	0000	29
		_print_screen  		CODE           	0947	0000	24
		_init_ADC      		CODE           	08A2	0000	8
		_get_30v_current		CODE           	0B84	0000	74
		_isr           		CODE           	0004	0000	161
		_ADC_get_val   		CODE           	08BE	0000	18
		_buzz_one      		CODE           	08A9	0000	9
		_i2c_Start     		CODE           	088C	0000	6
		_ten_thou_conv 		CODE           	06E5	0000	283
		_testjig_done  		CODE           	059A	0000	332
		_lcd_print_int 		CODE           	0C87	0000	134
		_clear_lcd     		CODE           	0976	0000	27
		_Vout_set      		CODE           	0E47	0000	196
		_RX_one_timeout		CODE           	0A8B	0000	55
		_print_error   		CODE           	0BCD	0000	87
		_i2c_second_line		CODE           	0932	0000	22
		_i2c_write_char		CODE           	08E0	0000	20
		_init_i2c      		CODE           	095E	0000	25

Multi_RX_testjig_v1.c estimated size: 3132

C:\Program Files (x86)\Microchip\xc8\v1.42\sources\common\Umul8.c
		___bmul        		CODE           	08CF	0000	18

C:\Program Files (x86)\Microchip\xc8\v1.42\sources\common\Umul8.c estimated size: 18

C:\Program Files (x86)\Microchip\xc8\v1.42\sources\common\fttol.c
		___fttol       		CODE           	0D0C	0000	136

C:\Program Files (x86)\Microchip\xc8\v1.42\sources\common\fttol.c estimated size: 136

C:\Program Files (x86)\Microchip\xc8\v1.42\sources\common\ftadd.c
		___ftadd       		CODE           	0F0A	0000	247

C:\Program Files (x86)\Microchip\xc8\v1.42\sources\common\ftadd.c estimated size: 247

C:\Program Files (x86)\Microchip\xc8\v1.42\sources\common\lwtoft.c
		___lwtoft      		CODE           	08F3	0000	22

C:\Program Files (x86)\Microchip\xc8\v1.42\sources\common\lwtoft.c estimated size: 22

shared
		_popup_delay   		STRCODE        	0000	0000	0
		__initialization		CODE           	00A6	0000	42

shared estimated size: 42

C:\Program Files (x86)\Microchip\xc8\v1.42\sources\common\float.c
		___ftpack      		CODE           	0C23	0000	101

C:\Program Files (x86)\Microchip\xc8\v1.42\sources\common\float.c estimated size: 101

C:\Program Files (x86)\Microchip\xc8\v1.42\sources\common\Umul16.c
		___wmul        		CODE           	0990	0000	28

C:\Program Files (x86)\Microchip\xc8\v1.42\sources\common\Umul16.c estimated size: 28

